Component: ARM Compiler 6.16 Tool: armlink [5dfeaa00]

==============================================================================

Section Cross References

    startup_stm32h743xx.o(STACK) refers (Special) to heapauxi.o(.text) for __use_two_region_memory
    startup_stm32h743xx.o(HEAP) refers (Special) to heapauxi.o(.text) for __use_two_region_memory
    startup_stm32h743xx.o(RESET) refers (Special) to heapauxi.o(.text) for __use_two_region_memory
    startup_stm32h743xx.o(RESET) refers to startup_stm32h743xx.o(STACK) for __initial_sp
    startup_stm32h743xx.o(RESET) refers to startup_stm32h743xx.o(.text) for Reset_Handler
    startup_stm32h743xx.o(RESET) refers to stm32h7xx_it.o(.text.NMI_Handler) for NMI_Handler
    startup_stm32h743xx.o(RESET) refers to stm32h7xx_it.o(.text.HardFault_Handler) for HardFault_Handler
    startup_stm32h743xx.o(RESET) refers to stm32h7xx_it.o(.text.MemManage_Handler) for MemManage_Handler
    startup_stm32h743xx.o(RESET) refers to stm32h7xx_it.o(.text.BusFault_Handler) for BusFault_Handler
    startup_stm32h743xx.o(RESET) refers to stm32h7xx_it.o(.text.UsageFault_Handler) for UsageFault_Handler
    startup_stm32h743xx.o(RESET) refers to stm32h7xx_it.o(.text.SVC_Handler) for SVC_Handler
    startup_stm32h743xx.o(RESET) refers to stm32h7xx_it.o(.text.DebugMon_Handler) for DebugMon_Handler
    startup_stm32h743xx.o(RESET) refers to stm32h7xx_it.o(.text.PendSV_Handler) for PendSV_Handler
    startup_stm32h743xx.o(RESET) refers to stm32h7xx_it.o(.text.SysTick_Handler) for SysTick_Handler
    startup_stm32h743xx.o(RESET) refers to stm32h7xx_it.o(.text.FDCAN1_IT0_IRQHandler) for FDCAN1_IT0_IRQHandler
    startup_stm32h743xx.o(RESET) refers to stm32h7xx_it.o(.text.USART1_IRQHandler) for USART1_IRQHandler
    startup_stm32h743xx.o(.text) refers (Special) to heapauxi.o(.text) for __use_two_region_memory
    startup_stm32h743xx.o(.text) refers to system_stm32h7xx.o(.text.ExitRun0Mode) for ExitRun0Mode
    startup_stm32h743xx.o(.text) refers to system_stm32h7xx.o(.text.SystemInit) for SystemInit
    startup_stm32h743xx.o(.text) refers to __main.o(!!!main) for __main
    startup_stm32h743xx.o(.text) refers to startup_stm32h743xx.o(HEAP) for Heap_Mem
    startup_stm32h743xx.o(.text) refers to startup_stm32h743xx.o(STACK) for Stack_Mem
    main.o(.text) refers (Special) to use_no_semi_2.o(.text) for __use_no_semihosting
    main.o(.text) refers (Special) to _printf_d.o(.ARM.Collect$$_printf_percent$$00000009) for _printf_d
    main.o(.text) refers (Special) to _printf_dec.o(.text) for _printf_int_dec
    main.o(.text) refers (Special) to _printf_hex_int.o(.text) for _printf_longlong_hex
    main.o(.text) refers (Special) to _printf_percent.o(.ARM.Collect$$_printf_percent$$00000000) for _printf_percent
    main.o(.text) refers (Special) to _printf_pad.o(.text) for _printf_pre_padding
    main.o(.text) refers (Special) to _printf_x.o(.ARM.Collect$$_printf_percent$$0000000C) for _printf_x
    main.o(.text._sys_exit) refers (Special) to use_no_semi_2.o(.text) for __use_no_semihosting
    main.o(.text._sys_exit) refers (Special) to _printf_d.o(.ARM.Collect$$_printf_percent$$00000009) for _printf_d
    main.o(.text._sys_exit) refers (Special) to _printf_dec.o(.text) for _printf_int_dec
    main.o(.text._sys_exit) refers (Special) to _printf_hex_int.o(.text) for _printf_longlong_hex
    main.o(.text._sys_exit) refers (Special) to _printf_percent.o(.ARM.Collect$$_printf_percent$$00000000) for _printf_percent
    main.o(.text._sys_exit) refers (Special) to _printf_pad.o(.text) for _printf_pre_padding
    main.o(.text._sys_exit) refers (Special) to _printf_x.o(.ARM.Collect$$_printf_percent$$0000000C) for _printf_x
    main.o(.ARM.exidx.text._sys_exit) refers (Special) to use_no_semi_2.o(.text) for __use_no_semihosting
    main.o(.ARM.exidx.text._sys_exit) refers (Special) to _printf_d.o(.ARM.Collect$$_printf_percent$$00000009) for _printf_d
    main.o(.ARM.exidx.text._sys_exit) refers (Special) to _printf_dec.o(.text) for _printf_int_dec
    main.o(.ARM.exidx.text._sys_exit) refers (Special) to _printf_hex_int.o(.text) for _printf_longlong_hex
    main.o(.ARM.exidx.text._sys_exit) refers (Special) to _printf_percent.o(.ARM.Collect$$_printf_percent$$00000000) for _printf_percent
    main.o(.ARM.exidx.text._sys_exit) refers (Special) to _printf_pad.o(.text) for _printf_pre_padding
    main.o(.ARM.exidx.text._sys_exit) refers (Special) to _printf_x.o(.ARM.Collect$$_printf_percent$$0000000C) for _printf_x
    main.o(.ARM.exidx.text._sys_exit) refers to main.o(.text._sys_exit) for [Anonymous Symbol]
    main.o(.text._ttywrch) refers (Special) to use_no_semi_2.o(.text) for __use_no_semihosting
    main.o(.text._ttywrch) refers (Special) to _printf_d.o(.ARM.Collect$$_printf_percent$$00000009) for _printf_d
    main.o(.text._ttywrch) refers (Special) to _printf_dec.o(.text) for _printf_int_dec
    main.o(.text._ttywrch) refers (Special) to _printf_hex_int.o(.text) for _printf_longlong_hex
[...]
    HAL_UART_MspInit                         0x08004f51   Thumb Code   162  usart.o(.text.HAL_UART_MspInit)
    HAL_UART_Transmit                        0x08004ff9   Thumb Code   198  stm32h7xx_hal_uart.o(.text.HAL_UART_Transmit)
    HAL_UART_TxCpltCallback                  0x080050c1   Thumb Code     2  stm32h7xx_hal_uart.o(.text.HAL_UART_TxCpltCallback)
    HardFault_Handler                        0x080050c9   Thumb Code     2  stm32h7xx_it.o(.text.HardFault_Handler)
    MX_FDCAN1_Init                           0x080050d1   Thumb Code   196  fdcan.o(.text.MX_FDCAN1_Init)
    MX_GPIO_Init                             0x08005199   Thumb Code    68  gpio.o(.text.MX_GPIO_Init)
    MX_TIM3_Init                             0x080051e1   Thumb Code   196  tim.o(.text.MX_TIM3_Init)
    MX_TIM5_Init                             0x080052a9   Thumb Code   196  tim.o(.text.MX_TIM5_Init)
    MX_USART1_UART_Init                      0x08005371   Thumb Code   122  usart.o(.text.MX_USART1_UART_Init)
    MemManage_Handler                        0x080053f1   Thumb Code     2  stm32h7xx_it.o(.text.MemManage_Handler)
    NMI_Handler                              0x080053f9   Thumb Code     2  stm32h7xx_it.o(.text.NMI_Handler)
    PendSV_Handler                           0x08005431   Thumb Code     2  stm32h7xx_it.o(.text.PendSV_Handler)
    SVC_Handler                              0x08005679   Thumb Code     2  stm32h7xx_it.o(.text.SVC_Handler)
    SysTick_Handler                          0x080056b1   Thumb Code     8  stm32h7xx_it.o(.text.SysTick_Handler)
    SystemInit                               0x080056b9   Thumb Code   238  system_stm32h7xx.o(.text.SystemInit)
    TIM_Base_SetConfig                       0x080057a9   Thumb Code   320  stm32h7xx_hal_tim.o(.text.TIM_Base_SetConfig)
    TIM_CCxChannelCmd                        0x080058e9   Thumb Code    30  stm32h7xx_hal_tim.o(.text.TIM_CCxChannelCmd)
    TIM_ETR_SetConfig                        0x08005909   Thumb Code    20  stm32h7xx_hal_tim.o(.text.TIM_ETR_SetConfig)
    TIM_OC2_SetConfig                        0x08005a01   Thumb Code   172  stm32h7xx_hal_tim.o(.text.TIM_OC2_SetConfig)
    UART_AdvFeatureConfig                    0x08005da1   Thumb Code   224  stm32h7xx_hal_uart.o(.text.UART_AdvFeatureConfig)
    UART_CheckIdleState                      0x08005e81   Thumb Code   184  stm32h7xx_hal_uart.o(.text.UART_CheckIdleState)
    UART_SetConfig                           0x08005fd1   Thumb Code  1410  stm32h7xx_hal_uart.o(.text.UART_SetConfig)
    UART_WaitOnFlagUntilTimeout              0x08006559   Thumb Code   194  stm32h7xx_hal_uart.o(.text.UART_WaitOnFlagUntilTimeout)
    USART1_IRQHandler                        0x08006621   Thumb Code    16  stm32h7xx_it.o(.text.USART1_IRQHandler)
    UsageFault_Handler                       0x08006631   Thumb Code     2  stm32h7xx_it.o(.text.UsageFault_Handler)
    SystemClock_Config()                     0x08006639   Thumb Code   190  main.o(.text._Z18SystemClock_Configv)
    math::limit(float, float const&, float const&) 0x08006731   Thumb Code    54  utils.o(.text._ZN4math5limitEfRKfS1_)
    math::loopLimit(float, float const&, float const&) 0x08006769   Thumb Code    92  utils.o(.text._ZN4math9loopLimitEfRKfS1_)
    Matrixf<1, 12>::Matrixf__sub_object()    0x080067c9   Thumb Code    30  main.o(.text._ZN7MatrixfILi1ELi12EEC2Ev)
    Matrixf<1, 12>::~Matrixf__sub_object()   0x080067e9   Thumb Code     2  main.o(.text._ZN7MatrixfILi1ELi12EED2Ev)
    Matrixf<1, 12>::operator[](int const&)   0x080067f1   Thumb Code    14  main.o(.text._ZN7MatrixfILi1ELi12EEixERKi)
    Matrixf<1, 1>::Matrixf__sub_object()     0x08006801   Thumb Code    28  main.o(.text._ZN7MatrixfILi1ELi1EEC2Ev)
    Matrixf<1, 1>::~Matrixf__sub_object()    0x08006821   Thumb Code     2  main.o(.text._ZN7MatrixfILi1ELi1EED2Ev)
    Matrixf<1, 1>::operator[](int const&)    0x08006829   Thumb Code    10  main.o(.text._ZN7MatrixfILi1ELi1EEixERKi)
    Matrixf<1, 6>::Matrixf__sub_object()     0x08006839   Thumb Code    30  main.o(.text._ZN7MatrixfILi1ELi6EEC2Ev)
    Matrixf<1, 6>::~Matrixf__sub_object()    0x08006859   Thumb Code     2  main.o(.text._ZN7MatrixfILi1ELi6EED2Ev)
    Matrixf<3, 1>::Matrixf__sub_object(float*) 0x08006861   Thumb Code    22  main.o(.text._ZN7MatrixfILi3ELi1EEC2EPf)
    Matrixf<3, 1>::Matrixf__sub_object(Matrixf<3, 1> const&) 0x08006879   Thumb Code    24  main.o(.text._ZN7MatrixfILi3ELi1EEC2ERKS0_)
    Matrixf<3, 1>::Matrixf__sub_object()     0x08006891   Thumb Code    30  main.o(.text._ZN7MatrixfILi3ELi1EEC2Ev)
    Matrixf<3, 1>::~Matrixf__sub_object()    0x080068b1   Thumb Code     2  main.o(.text._ZN7MatrixfILi3ELi1EED2Ev)
    Matrixf<3, 1>::operator=(Matrixf<3, 1>)  0x080068b9   Thumb Code    14  main.o(.text._ZN7MatrixfILi3ELi1EEaSES0_)
    Matrixf<3, 1>::operator[](int const&)    0x080068c9   Thumb Code    10  main.o(.text._ZN7MatrixfILi3ELi1EEixERKi)
    Matrixf<3, 1>::operator-(Matrixf<3, 1> const&) 0x080068d9   Thumb Code    24  main.o(.text._ZN7MatrixfILi3ELi1EEmiERKS0_)
    Matrixf<3, 1>::operator*(float const&)   0x080068f1   Thumb Code    26  robotics.o(.text._ZN7MatrixfILi3ELi1EEmlERKf)
    Matrixf<3, 3>::trace()                   0x08006911   Thumb Code    68  robotics.o(.text._ZN7MatrixfILi3ELi3EE5traceEv)
    Matrixf<3, 3>::trans()                   0x08006959   Thumb Code    20  robotics.o(.text._ZN7MatrixfILi3ELi3EE5transEv)
    Matrixf<3, 3>::Matrixf__sub_object(float*) 0x08006971   Thumb Code    48  main.o(.text._ZN7MatrixfILi3ELi3EEC2EPf)
    Matrixf<3, 3>::Matrixf__sub_object(Matrixf<3, 3> const&) 0x080069a1   Thumb Code    48  main.o(.text._ZN7MatrixfILi3ELi3EEC2ERKS0_)
    Matrixf<3, 3>::Matrixf__sub_object()     0x080069d1   Thumb Code    28  main.o(.text._ZN7MatrixfILi3ELi3EEC2Ev)
    Matrixf<3, 3>::~Matrixf__sub_object()    0x080069f1   Thumb Code     2  main.o(.text._ZN7MatrixfILi3ELi3EED2Ev)
    Matrixf<3, 3>::operator=(Matrixf<3, 3>)  0x080069f9   Thumb Code    36  main.o(.text._ZN7MatrixfILi3ELi3EEaSES0_)
    Matrixf<3, 3>::operator[](int const&)    0x08006a21   Thumb Code    14  main.o(.text._ZN7MatrixfILi3ELi3EEixERKi)
    Matrixf<3, 3>::operator*(float const&)   0x08006a31   Thumb Code    26  main.o(.text._ZN7MatrixfILi3ELi3EEmlERKf)
    Matrixf<3, 6>::col(int const&)           0x08006a51   Thumb Code    20  main.o(.text._ZN7MatrixfILi3ELi6EE3colERKi)
    Matrixf<3, 1> Matrixf<3, 6>::block<3, 1>(int const&, int const&) 0x08006a69   Thumb Code    92  main.o(.text._ZN7MatrixfILi3ELi6EE5blockILi3ELi1EEES_IXT_EXT0_EERKiS4_)
    Matrixf<3, 6>::Matrixf__sub_object(float*) 0x08006ac9   Thumb Code    24  main.o(.text._ZN7MatrixfILi3ELi6EEC2EPf)
    Matrixf<3, 6>::Matrixf__sub_object()     0x08006ae1   Thumb Code    30  main.o(.text._ZN7MatrixfILi3ELi6EEC2Ev)
    Matrixf<3, 6>::~Matrixf__sub_object()    0x08006b01   Thumb Code     2  main.o(.text._ZN7MatrixfILi3ELi6EED2Ev)
    Matrixf<3, 1> Matrixf<4, 1>::block<3, 1>(int const&, int const&) 0x08006b09   Thumb Code    84  robotics.o(.text._ZN7MatrixfILi4ELi1EE5blockILi3ELi1EEES_IXT_EXT0_EERKiS4_)
    Matrixf<4, 1>::Matrixf__sub_object(float*) 0x08006b61   Thumb Code    20  robotics.o(.text._ZN7MatrixfILi4ELi1EEC2EPf)
    Matrixf<4, 1>::Matrixf__sub_object()     0x08006b79   Thumb Code    30  robotics.o(.text._ZN7MatrixfILi4ELi1EEC2Ev)
    Matrixf<4, 1>::~Matrixf__sub_object()    0x08006b99   Thumb Code     2  robotics.o(.text._ZN7MatrixfILi4ELi1EED2Ev)
    Matrixf<4, 1>::operator[](int const&)    0x08006ba1   Thumb Code    10  robotics.o(.text._ZN7MatrixfILi4ELi1EEixERKi)
    Matrixf<3, 1> Matrixf<4, 4>::block<3, 1>(int const&, int const&) 0x08006bb1   Thumb Code    88  main.o(.text._ZN7MatrixfILi4ELi4EE5blockILi3ELi1EEES_IXT_EXT0_EERKiS4_)
    Matrixf<3, 3> Matrixf<4, 4>::block<3, 3>(int const&, int const&) 0x08006c09   Thumb Code   112  robotics.o(.text._ZN7MatrixfILi4ELi4EE5blockILi3ELi3EEES_IXT_EXT0_EERKiS4_)
    Matrixf<4, 4>::Matrixf__sub_object(float*) 0x08006c79   Thumb Code    72  main.o(.text._ZN7MatrixfILi4ELi4EEC2EPf)
    Matrixf<4, 4>::Matrixf__sub_object(Matrixf<4, 4> const&) 0x08006cc1   Thumb Code    72  main.o(.text._ZN7MatrixfILi4ELi4EEC2ERKS0_)
    Matrixf<4, 4>::Matrixf__sub_object()     0x08006d09   Thumb Code    28  main.o(.text._ZN7MatrixfILi4ELi4EEC2Ev)
    Matrixf<4, 4>::~Matrixf__sub_object()    0x08006d29   Thumb Code     2  main.o(.text._ZN7MatrixfILi4ELi4EED2Ev)
    Matrixf<4, 4>::operator=(Matrixf<4, 4>)  0x08006d31   Thumb Code    64  main.o(.text._ZN7MatrixfILi4ELi4EEaSES0_)
    Matrixf<4, 4>::operator[](int const&)    0x08006d71   Thumb Code    10  robotics.o(.text._ZN7MatrixfILi4ELi4EEixERKi)
    Matrixf<6, 12>::row(int const&)          0x08006d81   Thumb Code    18  main.o(.text._ZN7MatrixfILi6ELi12EE3rowERKi)
    Matrixf<1, 12> Matrixf<6, 12>::block<1, 12>(int const&, int const&) 0x08006d99   Thumb Code   146  main.o(.text._ZN7MatrixfILi6ELi12EE5blockILi1ELi12EEES_IXT_EXT0_EERKiS4_)
    Matrixf<6, 12>::Matrixf__sub_object(float*) 0x08006e31   Thumb Code    26  main.o(.text._ZN7MatrixfILi6ELi12EEC2EPf)
    Matrixf<6, 12>::Matrixf__sub_object()    0x08006e51   Thumb Code    30  main.o(.text._ZN7MatrixfILi6ELi12EEC2Ev)
    Matrixf<6, 12>::~Matrixf__sub_object()   0x08006e71   Thumb Code     2  main.o(.text._ZN7MatrixfILi6ELi12EED2Ev)
    Matrixf<6, 12>::operator[](int const&)   0x08006e79   Thumb Code    14  main.o(.text._ZN7MatrixfILi6ELi12EEixERKi)
    Matrixf<6, 1>::norm()                    0x08006e89   Thumb Code    96  main.o(.text._ZN7MatrixfILi6ELi1EE4normEv)
    Matrixf<3, 1> Matrixf<6, 1>::block<3, 1>(int const&, int const&) 0x08006ee9   Thumb Code    84  main.o(.text._ZN7MatrixfILi6ELi1EE5blockILi3ELi1EEES_IXT_EXT0_EERKiS4_)
    Matrixf<6, 1>::trans()                   0x08006f41   Thumb Code    20  main.o(.text._ZN7MatrixfILi6ELi1EE5transEv)
    Matrixf<6, 1>::Matrixf__sub_object(float*) 0x08006f59   Thumb Code    32  main.o(.text._ZN7MatrixfILi6ELi1EEC2EPf)
    Matrixf<6, 1>::Matrixf__sub_object(Matrixf<6, 1> const&) 0x08006f79   Thumb Code    36  main.o(.text._ZN7MatrixfILi6ELi1EEC2ERKS0_)
    Matrixf<6, 1>::Matrixf__sub_object()     0x08006fa1   Thumb Code    30  main.o(.text._ZN7MatrixfILi6ELi1EEC2Ev)
    Matrixf<6, 1>::~Matrixf__sub_object()    0x08006fc1   Thumb Code     2  main.o(.text._ZN7MatrixfILi6ELi1EED2Ev)
    Matrixf<6, 1>::operator=(Matrixf<6, 1>)  0x08006fc9   Thumb Code    32  main.o(.text._ZN7MatrixfILi6ELi1EEaSES0_)
    Matrixf<6, 1>::operator[](int const&)    0x08006fe9   Thumb Code    10  main.o(.text._ZN7MatrixfILi6ELi1EEixERKi)
    Matrixf<6, 1>::operator*(float const&)   0x08006ff9   Thumb Code    26  main.o(.text._ZN7MatrixfILi6ELi1EEmlERKf)
    Matrixf<6, 1>::operator+=(Matrixf<6, 1>) 0x08007019   Thumb Code    14  main.o(.text._ZN7MatrixfILi6ELi1EEpLES0_)
    Matrixf<6, 1>::operator+(Matrixf<6, 1> const&) 0x08007029   Thumb Code    24  main.o(.text._ZN7MatrixfILi6ELi1EEplERKS0_)
    Matrixf<6, 6>::trans()                   0x08007041   Thumb Code    20  main.o(.text._ZN7MatrixfILi6ELi6EE5transEv)
    Matrixf<6, 6>::Matrixf__sub_object(float*) 0x08007059   Thumb Code    24  main.o(.text._ZN7MatrixfILi6ELi6EEC2EPf)
    Matrixf<6, 6>::Matrixf__sub_object(Matrixf<6, 6> const&) 0x08007071   Thumb Code    26  main.o(.text._ZN7MatrixfILi6ELi6EEC2ERKS0_)
    Matrixf<6, 6>::Matrixf__sub_object()     0x08007091   Thumb Code    28  main.o(.text._ZN7MatrixfILi6ELi6EEC2Ev)
    Matrixf<6, 6>::~Matrixf__sub_object()    0x080070b1   Thumb Code     2  main.o(.text._ZN7MatrixfILi6ELi6EED2Ev)
    Matrixf<6, 6>::operator[](int const&)    0x080070b9   Thumb Code    14  main.o(.text._ZN7MatrixfILi6ELi6EEixERKi)
    Matrixf<6, 6>::operator+(Matrixf<6, 6> const&) 0x080070c9   Thumb Code    24  main.o(.text._ZN7MatrixfILi6ELi6EEplERKS0_)
    Matrixf<3, 3> matrixf::eye<3, 3>()       0x080070e1   Thumb Code    48  main.o(.text._ZN7matrixf3eyeILi3ELi3EEE7MatrixfIXT_EXT0_EEv)
    Matrixf<4, 4> matrixf::eye<4, 4>()       0x08007111   Thumb Code    48  main.o(.text._ZN7matrixf3eyeILi4ELi4EEE7MatrixfIXT_EXT0_EEv)
    Matrixf<6, 6> matrixf::eye<6, 6>()       0x08007141   Thumb Code    48  main.o(.text._ZN7matrixf3eyeILi6ELi6EEE7MatrixfIXT_EXT0_EEv)
    Matrixf<6, 6> matrixf::inv<6>(Matrixf<6, 6>) 0x08007171   Thumb Code   744  main.o(.text._ZN7matrixf3invILi6EEE7MatrixfIXT_EXT_EES2_)
    Matrixf<3, 3> matrixf::diag<3, 3>(float const*) 0x08007459   Thumb Code    52  main.o(.text._ZN7matrixf4diagILi3ELi3EEE7MatrixfIXT_EXT0_EEPKf)
    Matrixf<3, 1> matrixf::zeros<3, 1>()     0x08007491   Thumb Code    22  main.o(.text._ZN7matrixf5zerosILi3ELi1EEE7MatrixfIXT_EXT0_EEv)
    Matrixf<3, 3> matrixf::zeros<3, 3>()     0x080074a9   Thumb Code    28  main.o(.text._ZN7matrixf5zerosILi3ELi3EEE7MatrixfIXT_EXT0_EEv)
    Matrixf<6, 12> matrixf::zeros<6, 12>()   0x080074c9   Thumb Code    30  main.o(.text._ZN7matrixf5zerosILi6ELi12EEE7MatrixfIXT_EXT0_EEv)
    Matrixf<6, 1> matrixf::zeros<6, 1>()     0x080074e9   Thumb Code    28  main.o(.text._ZN7matrixf5zerosILi6ELi1EEE7MatrixfIXT_EXT0_EEv)
    Matrixf<6, 6> matrixf::zeros<6, 6>()     0x08007509   Thumb Code    28  main.o(.text._ZN7matrixf5zerosILi6ELi6EEE7MatrixfIXT_EXT0_EEv)
    robotics::Serial_Link<(unsigned short)6>::rne(Matrixf<6, 1>, Matrixf<6, 1>, Matrixf<6, 1>, Matrixf<6, 1>) 0x08007529   Thumb Code     8  main.o(.text._ZN8robotics11Serial_LinkILt6EE3rneE7MatrixfILi6ELi1EES3_S3_S3_)
    robotics::Serial_Link<(unsigned short)6>::rne(float const*, float const*, float const*, float const*) 0x08007531   Thumb Code   280  main.o(.text._ZN8robotics11Serial_LinkILt6EE3rneEPKfS3_S3_S3_)
    robotics::Serial_Link<(unsigned short)6>::fkine(Matrixf<6, 1>) 0x08007649   Thumb Code   138  main.o(.text._ZN8robotics11Serial_LinkILt6EE5fkineE7MatrixfILi6ELi1EE)
    robotics::Serial_Link<(unsigned short)6>::fkine(float const*) 0x080076d9   Thumb Code   122  main.o(.text._ZN8robotics11Serial_LinkILt6EE5fkineEPKf)
    robotics::Serial_Link<(unsigned short)6>::ikine(Matrixf<4, 4>, Matrixf<6, 1>, float, unsigned short) 0x08007759   Thumb Code  1756  main.o(.text._ZN8robotics11Serial_LinkILt6EE5ikineE7MatrixfILi4ELi4EES2_ILi6ELi1EEft)
    robotics::Serial_Link<(unsigned short)6>::jacob(Matrixf<6, 1>) 0x08007e39   Thumb Code   782  main.o(.text._ZN8robotics11Serial_LinkILt6EE5jacobE7MatrixfILi6ELi1EE)
    robotics::Serial_Link<(unsigned short)6>::jacob(float const*) 0x08008149   Thumb Code    94  main.o(.text._ZN8robotics11Serial_LinkILt6EE5jacobEPKf)
    robotics::Serial_Link<(unsigned short)6>::Serial_Link__sub_object(robotics::Link*) 0x080081a9   Thumb Code   144  main.o(.text._ZN8robotics11Serial_LinkILt6EEC2EPNS_4LinkE)
    robotics::Serial_Link<(unsigned short)6>::~Serial_Link__sub_object() 0x08008239   Thumb Code    50  main.o(.text._ZN8robotics11Serial_LinkILt6EED2Ev)
    robotics::t2p(Matrixf<4, 4>)             0x08008271   Thumb Code    24  robotics.o(.text._ZN8robotics3t2pE7MatrixfILi4ELi4EE)
    robotics::t2r(Matrixf<4, 4>)             0x08008289   Thumb Code    22  robotics.o(.text._ZN8robotics3t2rE7MatrixfILi4ELi4EE)
    robotics::DH_t::fkine()                  0x080082a1   Thumb Code   342  robotics.o(.text._ZN8robotics4DH_t5fkineEv)
    robotics::DH_t::DH_t__sub_object()       0x080083f9   Thumb Code    14  main.o(.text._ZN8robotics4DH_tC2Ev)
    robotics::DH_t::~DH_t__sub_object()      0x08008409   Thumb Code    14  main.o(.text._ZN8robotics4DH_tD2Ev)
    robotics::Link::T(float)                 0x08008419   Thumb Code    94  robotics.o(.text._ZN8robotics4Link1TEf)
    robotics::Link::type()                   0x08008479   Thumb Code     6  main.o(.text._ZN8robotics4Link4typeEv)
    robotics::Link::Link(robotics::Link const&) 0x08008481   Thumb Code   134  robotics.o(.text._ZN8robotics4LinkC2ERKS0_)
    robotics::Link::Link__sub_object(robotics::Link const&) 0x08008481   Thumb Code   134  robotics.o(.text._ZN8robotics4LinkC2ERKS0_)
    robotics::Link::Link(float, float, float, float, robotics::joint_type, float, float, float, float, Matrixf<3, 1>, Matrixf<3, 3>) 0x08008509   Thumb Code   174  robotics.o(.text._ZN8robotics4LinkC2EffffNS_10joint_typeEffff7MatrixfILi3ELi1EES2_ILi3ELi3EE)
    robotics::Link::Link__sub_object(float, float, float, float, robotics::joint_type, float, float, float, float, Matrixf<3, 1>, Matrixf<3, 3>) 0x08008509   Thumb Code   174  robotics.o(.text._ZN8robotics4LinkC2EffffNS_10joint_typeEffff7MatrixfILi3ELi1EES2_ILi3ELi3EE)
    robotics::Link::Link__sub_object()       0x080085b9   Thumb Code    26  main.o(.text._ZN8robotics4LinkC2Ev)
    robotics::Link::~Link__sub_object()      0x080085d9   Thumb Code    26  main.o(.text._ZN8robotics4LinkD2Ev)
    robotics::Link::operator=(robotics::Link) 0x080085f9   Thumb Code   108  robotics.o(.text._ZN8robotics4LinkaSES0_)
    robotics::invT(Matrixf<4, 4>)            0x08008669   Thumb Code   334  robotics.o(.text._ZN8robotics4invTE7MatrixfILi4ELi4EE)
    robotics::t2twist(Matrixf<4, 4>)         0x080087b9   Thumb Code   234  robotics.o(.text._ZN8robotics7t2twistE7MatrixfILi4ELi4EE)
    robotics::r2angvec(Matrixf<3, 3>)        0x080088a9   Thumb Code   492  robotics.o(.text._ZN8robotics8r2angvecE7MatrixfILi3ELi3EE)
    robotics::t2angvec(Matrixf<4, 4>)        0x08008a99   Thumb Code    48  robotics.o(.text._ZN8robotics8t2angvecE7MatrixfILi4ELi4EE)
    vector3f::hat(Matrixf<3, 1>)             0x08008ac9   Thumb Code   144  matrix.o(.text._ZN8vector3f3hatE7MatrixfILi3ELi1EE)
    vector3f::cross(Matrixf<3, 1>, Matrixf<3, 1>) 0x08008b59   Thumb Code    52  matrix.o(.text._ZN8vector3f5crossE7MatrixfILi3ELi1EES1_)
    Matrixf<1, 1> operator*<1>(Matrixf<1, 6> const&, Matrixf<6, 1> const&) 0x08008b91   Thumb Code    24  main.o(.text._ZmlILi1EE7MatrixfILi1EXT_EERKS0_ILi1ELi6EERKS0_ILi6EXT_EE)
    Matrixf<3, 1> operator*<1>(Matrixf<3, 3> const&, Matrixf<3, 1> const&) 0x08008ba9   Thumb Code    24  matrix.o(.text._ZmlILi1EE7MatrixfILi3EXT_EERKS0_ILi3ELi3EERKS1_)
    Matrixf<6, 1> operator*<1>(Matrixf<6, 6> const&, Matrixf<6, 1> const&) 0x08008bc1   Thumb Code    24  main.o(.text._ZmlILi1EE7MatrixfILi6EXT_EERKS0_ILi6ELi6EERKS1_)
    Matrixf<4, 4> operator*<4>(Matrixf<4, 4> const&, Matrixf<4, 4> const&) 0x08008bd9   Thumb Code    24  main.o(.text._ZmlILi4EE7MatrixfILi4EXT_EERKS0_ILi4ELi4EERKS1_)
    Matrixf<6, 6> operator*<6>(Matrixf<6, 6> const&, Matrixf<6, 6> const&) 0x08008bf1   Thumb Code    24  main.o(.text._ZmlILi6EE7MatrixfILi6EXT_EERKS0_ILi6ELi6EERKS1_)
    operator*(float const&, Matrixf<3, 3> const&) 0x08008c09   Thumb Code    26  robotics.o(.text._ZmlRKfRK7MatrixfILi3ELi3EE)
    operator*(float const&, Matrixf<6, 6> const&) 0x08008c29   Thumb Code    26  main.o(.text._ZmlRKfRK7MatrixfILi6ELi6EE)
    __ARM_isinff                             0x08008c49   Thumb Code    16  main.o(.text.__ARM_isinff)
    _sys_close                               0x08008cd1   Thumb Code    18  retarget_io.o(.text._sys_close)
    _sys_exit                                0x08008ce9   Thumb Code     2  main.o(.text._sys_exit)
    _sys_flen                                0x08008cf1   Thumb Code     4  retarget_io.o(.text._sys_flen)
    _sys_istty                               0x08008cf9   Thumb Code    16  retarget_io.o(.text._sys_istty)
    _sys_open                                0x08008d09   Thumb Code    76  retarget_io.o(.text._sys_open)
    _sys_seek                                0x08008d71   Thumb Code     6  retarget_io.o(.text._sys_seek)
    _sys_write                               0x08008d79   Thumb Code    54  retarget_io.o(.text._sys_write)
    _ttywrch                                 0x08008db1   Thumb Code    34  main.o(.text._ttywrch)
    arm_mat_add_f32                          0x08008dd5   Thumb Code   190  arm_mat_add_f32.o(.text.arm_mat_add_f32)
    arm_mat_init_f32                         0x08008e93   Thumb Code     8  arm_mat_init_f32.o(.text.arm_mat_init_f32)
    arm_mat_mult_f32                         0x08008e9d   Thumb Code   304  arm_mat_mult_f32.o(.text.arm_mat_mult_f32)
    arm_mat_scale_f32                        0x08008fcd   Thumb Code   154  arm_mat_scale_f32.o(.text.arm_mat_scale_f32)
    arm_mat_sub_f32                          0x08009069   Thumb Code   190  arm_mat_sub_f32.o(.text.arm_mat_sub_f32)
    arm_mat_trans_f32                        0x08009129   Thumb Code   180  arm_mat_trans_f32.o(.text.arm_mat_trans_f32)
    fputc                                    0x080091e1   Thumb Code    38  main.o(.text.fputc)
    main                                     0x08009209   Thumb Code  1840  main.o(.text.main)
    __ARM_fpclassifyf                        0x080099cd   Thumb Code    38  fpclassifyf.o(i.__ARM_fpclassifyf)
    __hardfp_acosf                           0x080099f5   Thumb Code   234  acosf.o(i.__hardfp_acosf)
    __hardfp_cosf                            0x08009b0d   Thumb Code   280  cosf.o(i.__hardfp_cosf)
    __hardfp_sinf                            0x08009c5d   Thumb Code   344  sinf.o(i.__hardfp_sinf)
    __hardfp_sqrtf                           0x08009ded   Thumb Code    58  sqrtf.o(i.__hardfp_sqrtf)
    __mathlib_flt_infnan                     0x08009e27   Thumb Code     6  funder.o(i.__mathlib_flt_infnan)
    __mathlib_flt_invalid                    0x08009e2d   Thumb Code    10  funder.o(i.__mathlib_flt_invalid)
    __mathlib_flt_underflow                  0x08009e3d   Thumb Code    10  funder.o(i.__mathlib_flt_underflow)
    __mathlib_rredf2                         0x08009e4d   Thumb Code   316  rredf.o(i.__mathlib_rredf2)
    _is_digit                                0x08009fa1   Thumb Code    14  __printf_wp.o(i._is_digit)
    sqrtf                                    0x08009faf   Thumb Code    62  sqrtf.o(i.sqrtf)
    _fp_init                                 0x08009fed   Thumb Code    26  fpinit.o(x$fpl$fpinit)
    __fplib_config_fpu_vfp                   0x0800a005   Thumb Code     0  fpinit.o(x$fpl$fpinit)
    __fplib_config_pureend_doubles           0x0800a005   Thumb Code     0  fpinit.o(x$fpl$fpinit)
    __I$use$fp                               0x0800a006   Number         0  usenofp.o(x$fpl$usenofp)
    D1CorePrescTable                         0x0800a16c   Data          16  system_stm32h7xx.o(.rodata.D1CorePrescTable)
    UARTPrescTable                           0x0800a17c   Data          24  stm32h7xx_hal_uart.o(.rodata.UARTPrescTable)
    __stderr_name                            0x0800a194   Data           8  retarget_io.o(.rodata.__stderr_name)
    __stdin_name                             0x0800a19c   Data           7  retarget_io.o(.rodata.__stdin_name)
    __stdout_name                            0x0800a1a3   Data           8  retarget_io.o(.rodata.__stdout_name)
    Region$$Table$$Base                      0x0800a1cc   Number         0  anon$$obj.o(Region$$Table)
    Region$$Table$$Limit                     0x0800a1ec   Number         0  anon$$obj.o(Region$$Table)
    __aeabi_stdin                            0x24000000   Data           4  stdio_streams.o(.data)
    __aeabi_stdout                           0x24000004   Data           4  stdio_streams.o(.data)
    __aeabi_stderr                           0x24000008   Data           4  stdio_streams.o(.data)
    SystemCoreClock                          0x2400000c   Data           4  system_stm32h7xx.o(.data.SystemCoreClock)
    SystemD2Clock                            0x24000010   Data           4  system_stm32h7xx.o(.data.SystemD2Clock)
    uwTickFreq                               0x24000014   Data           1  stm32h7xx_hal.o(.data.uwTickFreq)
    uwTickPrio                               0x24000018   Data           4  stm32h7xx_hal.o(.data.uwTickPrio)
    __stdin                                  0x24000020   Data          84  stdio_streams.o(.bss)
    __stdout                                 0x24000074   Data          84  stdio_streams.o(.bss)
    __stderr                                 0x240000c8   Data          84  stdio_streams.o(.bss)
    __libspace_start                         0x2400011c   Data          96  libspace.o(.bss)
    FDCAN1_Handler                           0x2400017c   Data         160  fdcan.o(.bss.FDCAN1_Handler)
    __temporary_stack_top$libspace           0x2400017c   Data           0  libspace.o(.bss)
    FDCAN1_RxData                            0x2400021c   Data          64  fdcan.o(.bss.FDCAN1_RxData)
    FDCAN1_RxHeader                          0x2400025c   Data          40  fdcan.o(.bss.FDCAN1_RxHeader)
    FDCAN1_TxData                            0x24000284   Data          64  fdcan.o(.bss.FDCAN1_TxData)
    FDCAN1_TxHeader                          0x240002c4   Data          36  fdcan.o(.bss.FDCAN1_TxHeader)
    hfdcan1                                  0x240002e8   Data         160  fdcan.o(.bss.hfdcan1)
    htim3                                    0x24000388   Data          76  tim.o(.bss.htim3)
    htim5                                    0x240003d4   Data          76  tim.o(.bss.htim5)
    huart1                                   0x24000420   Data         148  usart.o(.bss.huart1)
    uwTick                                   0x240004b4   Data           4  stm32h7xx_hal.o(.bss.uwTick)



==============================================================================

Memory Map of the image

  Image Entry point : 0x08000299

  Load Region LR_IROM1 (Base: 0x08000000, Size: 0x0000a210, Max: 0x00200000, ABSOLUTE)

    Execution Region ER_IROM1 (Exec base: 0x08000000, Load base: 0x08000000, Size: 0x0000a1ec, Max: 0x00200000, ABSOLUTE)

    Exec Addr    Load Addr    Size         Type   Attr      Idx    E Section Name        Object

    0x08000000   0x08000000   0x00000298   Data   RO            3    RESET               startup_stm32h743xx.o
    0x08000298   0x08000298   0x00000008   Code   RO         2328  * !!!main             c_w.l(__main.o)
    0x080002a0   0x080002a0   0x00000034   Code   RO         2703    !!!scatter          c_w.l(__scatter.o)
    0x080002d4   0x080002d4   0x0000001a   Code   RO         2705    !!handler_copy      c_w.l(__scatter_copy.o)
    0x080002ee   0x080002ee   0x00000002   PAD
    0x080002f0   0x080002f0   0x0000001c   Code   RO         2707    !!handler_zi        c_w.l(__scatter_zi.o)
    0x0800030c   0x0800030c   0x00000000   Code   RO         2315    .ARM.Collect$$_printf_percent$$00000000  c_w.l(_printf_percent.o)
    0x0800030c   0x0800030c   0x00000006   Code   RO         2314    .ARM.Collect$$_printf_percent$$00000009  c_w.l(_printf_d.o)
    0x08000312   0x08000312   0x00000006   Code   RO         2313    .ARM.Collect$$_printf_percent$$0000000C  c_w.l(_printf_x.o)
    0x08000318   0x08000318   0x00000004   Code   RO         2379    .ARM.Collect$$_printf_percent$$00000017  c_w.l(_printf_percent_end.o)
    0x0800031c   0x0800031c   0x00000002   Code   RO         2529    .ARM.Collect$$libinit$$00000000  c_w.l(libinit.o)
    0x0800031e   0x0800031e   0x00000004   Code   RO         2530    .ARM.Collect$$libinit$$00000001  c_w.l(libinit2.o)
    0x08000322   0x08000322   0x00000000   Code   RO         2533    .ARM.Collect$$libinit$$00000004  c_w.l(libinit2.o)
    0x08000322   0x08000322   0x00000008   Code   RO         2534    .ARM.Collect$$libinit$$00000005  c_w.l(libinit2.o)
    0x0800032a   0x0800032a   0x00000000   Code   RO         2536    .ARM.Collect$$libinit$$0000000A  c_w.l(libinit2.o)
    0x0800032a   0x0800032a   0x00000000   Code   RO         2538    .ARM.Collect$$libinit$$0000000C  c_w.l(libinit2.o)
    0x0800032a   0x0800032a   0x00000000   Code   RO         2540    .ARM.Collect$$libinit$$0000000E  c_w.l(libinit2.o)
    0x0800032a   0x0800032a   0x00000000   Code   RO         2543    .ARM.Collect$$libinit$$00000011  c_w.l(libinit2.o)
    0x0800032a   0x0800032a   0x00000000   Code   RO         2545    .ARM.Collect$$libinit$$00000013  c_w.l(libinit2.o)
    0x0800032a   0x0800032a   0x00000000   Code   RO         2547    .ARM.Collect$$libinit$$00000015  c_w.l(libinit2.o)
    0x0800032a   0x0800032a   0x00000000   Code   RO         2549    .ARM.Collect$$libinit$$00000017  c_w.l(libinit2.o)
    0x0800032a   0x0800032a   0x00000000   Code   RO         2551    .ARM.Collect$$libinit$$00000019  c_w.l(libinit2.o)
    0x0800032a   0x0800032a   0x00000000   Code   RO         2553    .ARM.Collect$$libinit$$0000001B  c_w.l(libinit2.o)
    0x0800032a   0x0800032a   0x00000000   Code   RO         2555    .ARM.Collect$$libinit$$0000001D  c_w.l(libinit2.o)
    0x0800032a   0x0800032a   0x00000000   Code   RO         2557    .ARM.Collect$$libinit$$0000001F  c_w.l(libinit2.o)
    0x0800032a   0x0800032a   0x00000000   Code   RO         2559    .ARM.Collect$$libinit$$00000021  c_w.l(libinit2.o)
    0x0800032a   0x0800032a   0x00000000   Code   RO         2561    .ARM.Collect$$libinit$$00000023  c_w.l(libinit2.o)
    0x0800032a   0x0800032a   0x00000004   Code   RO         2562    .ARM.Collect$$libinit$$00000024  c_w.l(libinit2.o)
    0x0800032e   0x0800032e   0x00000000   Code   RO         2563    .ARM.Collect$$libinit$$00000025  c_w.l(libinit2.o)
    0x0800032e   0x0800032e   0x00000000   Code   RO         2567    .ARM.Collect$$libinit$$0000002C  c_w.l(libinit2.o)
    0x0800032e   0x0800032e   0x00000000   Code   RO         2569    .ARM.Collect$$libinit$$0000002E  c_w.l(libinit2.o)
    0x0800032e   0x0800032e   0x00000000   Code   RO         2571    .ARM.Collect$$libinit$$00000030  c_w.l(libinit2.o)
    0x0800032e   0x0800032e   0x00000000   Code   RO         2573    .ARM.Collect$$libinit$$00000032  c_w.l(libinit2.o)
    0x0800032e   0x0800032e   0x00000002   Code   RO         2574    .ARM.Collect$$libinit$$00000033  c_w.l(libinit2.o)
    0x08000330   0x08000330   0x00000002   Code   RO         2684    .ARM.Collect$$libshutdown$$00000000  c_w.l(libshutdown.o)
    0x08000332   0x08000332   0x00000000   Code   RO         2576    .ARM.Collect$$libshutdown$$00000002  c_w.l(libshutdown2.o)
    0x08000332   0x08000332   0x00000004   Code   RO         2577    .ARM.Collect$$libshutdown$$00000003  c_w.l(libshutdown2.o)
    0x08000336   0x08000336   0x00000000   Code   RO         2578    .ARM.Collect$$libshutdown$$00000004  c_w.l(libshutdown2.o)
    0x08000336   0x08000336   0x00000000   Code   RO         2581    .ARM.Collect$$libshutdown$$00000007  c_w.l(libshutdown2.o)
    0x08000336   0x08000336   0x00000000   Code   RO         2584    .ARM.Collect$$libshutdown$$0000000A  c_w.l(libshutdown2.o)
    0x08000336   0x08000336   0x00000000   Code   RO         2586    .ARM.Collect$$libshutdown$$0000000C  c_w.l(libshutdown2.o)
    0x08000336   0x08000336   0x00000000   Code   RO         2589    .ARM.Collect$$libshutdown$$0000000F  c_w.l(libshutdown2.o)
    0x08000336   0x08000336   0x00000002   Code   RO         2590    .ARM.Collect$$libshutdown$$00000010  c_w.l(libshutdown2.o)
    0x08000338   0x08000338   0x00000000   Code   RO         2368    .ARM.Collect$$rtentry$$00000000  c_w.l(__rtentry.o)
    0x08000338   0x08000338   0x00000000   Code   RO         2407    .ARM.Collect$$rtentry$$00000002  c_w.l(__rtentry2.o)
    0x08000338   0x08000338   0x00000006   Code   RO         2419    .ARM.Collect$$rtentry$$00000004  c_w.l(__rtentry4.o)
    0x0800033e   0x0800033e   0x00000000   Code   RO         2409    .ARM.Collect$$rtentry$$00000009  c_w.l(__rtentry2.o)
    0x0800033e   0x0800033e   0x00000004   Code   RO         2410    .ARM.Collect$$rtentry$$0000000A  c_w.l(__rtentry2.o)
    0x08000342   0x08000342   0x00000000   Code   RO         2412    .ARM.Collect$$rtentry$$0000000C  c_w.l(__rtentry2.o)
    0x08000342   0x08000342   0x00000008   Code   RO         2413    .ARM.Collect$$rtentry$$0000000D  c_w.l(__rtentry2.o)
    0x0800034a   0x0800034a   0x00000002   Code   RO         2591    .ARM.Collect$$rtexit$$00000000  c_w.l(rtexit.o)
    0x0800034c   0x0800034c   0x00000000   Code   RO         2635    .ARM.Collect$$rtexit$$00000002  c_w.l(rtexit2.o)
    0x0800034c   0x0800034c   0x00000004   Code   RO         2636    .ARM.Collect$$rtexit$$00000003  c_w.l(rtexit2.o)
    0x08000350   0x08000350   0x00000006   Code   RO         2637    .ARM.Collect$$rtexit$$00000004  c_w.l(rtexit2.o)
    0x08000356   0x08000356   0x00000002   PAD
    0x08000358   0x08000358   0x00000048   Code   RO            4    .text               startup_stm32h743xx.o
    0x080003a0   0x080003a0   0x00000002   Code   RO         2258    .text               c_w.l(use_no_semi_2.o)
    0x080003a2   0x080003a2   0x000000f0   Code   RO         2260    .text               c_w.l(lludivv7m.o)
    0x08000492   0x08000492   0x00000002   PAD
    0x08000494   0x08000494   0x00000018   Code   RO         2264    .text               c_w.l(noretval__2printf.o)
    0x080004ac   0x080004ac   0x0000004e   Code   RO         2268    .text               c_w.l(_printf_pad.o)
    0x080004fa   0x080004fa   0x00000002   PAD
    0x080004fc   0x080004fc   0x00000078   Code   RO         2270    .text               c_w.l(_printf_dec.o)
    0x08000574   0x08000574   0x00000058   Code   RO         2275    .text               c_w.l(_printf_hex_int.o)
    0x080005cc   0x080005cc   0x00000138   Code   RO         2305    .text               c_w.l(__printf_flags_wp.o)
    0x08000704   0x08000704   0x0000002c   Code   RO         2316    .text               c_w.l(puts.o)
    0x08000730   0x08000730   0x0000008a   Code   RO         2318    .text               c_w.l(rt_memcpy_v6.o)
    0x080007ba   0x080007ba   0x00000064   Code   RO         2320    .text               c_w.l(rt_memcpy_w.o)
    0x0800081e   0x0800081e   0x0000004e   Code   RO         2322    .text               c_w.l(rt_memclr_w.o)
    0x0800086c   0x0800086c   0x00000004   PAD
    0x08000870   0x08000870   0x0000007c   Code   RO         2324    .text               c_w.l(strcmpv7m_pel.o)
    0x080008ec   0x080008ec   0x00000006   Code   RO         2326    .text               c_w.l(heapauxi.o)
    0x080008f2   0x080008f2   0x00000002   Code   RO         2366    .text               c_w.l(use_no_semi.o)
    0x080008f4   0x080008f4   0x00000016   Code   RO         2373    .text               c_w.l(_rserrno.o)
    0x0800090a   0x0800090a   0x000000b2   Code   RO         2375    .text               c_w.l(_printf_intcommon.o)
    0x080009bc   0x080009bc   0x00000024   Code   RO         2377    .text               c_w.l(_printf_char_file.o)
    0x080009e0   0x080009e0   0x00000008   Code   RO         2426    .text               c_w.l(rt_errno_addr_intlibspace.o)
    0x080009e8   0x080009e8   0x00000030   Code   RO         2428    .text               c_w.l(_printf_char_common.o)
    0x08000a18   0x08000a18   0x00000008   Code   RO         2430    .text               c_w.l(ferror.o)
    0x08000a20   0x08000a20   0x00000138   Code   RO         2432    .text               c_w.l(initio.o)
    0x08000b58   0x08000b58   0x00000008   Code   RO         2438    .text               c_w.l(libspace.o)
    0x08000b60   0x08000b60   0x0000004a   Code   RO         2443    .text               c_w.l(sys_stackheap_outer.o)
    0x08000baa   0x08000baa   0x0000004e   Code   RO         2447    .text               c_w.l(h1_free.o)
    0x08000bf8   0x08000bf8   0x00000046   Code   RO         2503    .text               c_w.l(setvbuf.o)
    0x08000c3e   0x08000c3e   0x00000002   PAD
    0x08000c40   0x08000c40   0x000000f0   Code   RO         2506    .text               c_w.l(fopen.o)
    0x08000d30   0x08000d30   0x0000004c   Code   RO         2508    .text               c_w.l(fclose.o)
    0x08000d7c   0x08000d7c   0x00000012   Code   RO         2514    .text               c_w.l(exit.o)
    0x08000d8e   0x08000d8e   0x0000000e   Code   RO         2520    .text               c_w.l(defsig_rtred_outer.o)
    0x08000d9c   0x08000d9c   0x00000008   Code   RO         2598    .text               c_w.l(rt_heap_descriptor_intlibspace.o)
    0x08000da4   0x08000da4   0x00000004   Code   RO         2600    .text               c_w.l(hguard.o)
    0x08000da8   0x08000da8   0x0000008a   Code   RO         2602    .text               c_w.l(init_alloc.o)
    0x08000e32   0x08000e32   0x0000005e   Code   RO         2608    .text               c_w.l(h1_alloc.o)
    0x08000e90   0x08000e90   0x000000f8   Code   RO         2620    .text               c_w.l(fseek.o)
    0x08000f88   0x08000f88   0x000000f0   Code   RO         2622    .text               c_w.l(stdio.o)
    0x08001078   0x08001078   0x0000000a   Code   RO         2624    .text               c_w.l(defsig_exit.o)
    0x08001082   0x08001082   0x00000002   PAD
    0x08001084   0x08001084   0x00000034   Code   RO         2628    .text               c_w.l(defsig_rtred_inner.o)
    0x080010b8   0x080010b8   0x00000000   Code   RO         2641    .text               c_w.l(maybetermalloc1.o)
    0x080010b8   0x080010b8   0x0000000e   Code   RO         2643    .text               c_w.l(h1_init.o)
    0x080010c6   0x080010c6   0x00000034   Code   RO         2645    .text               c_w.l(h1_extend.o)
    0x080010fa   0x080010fa   0x00000042   Code   RO         2651    .text               c_w.l(ftell.o)
    0x0800113c   0x0800113c   0x00000032   Code   RO         2655    .text               c_w.l(defsig_general.o)
    0x0800116e   0x0800116e   0x0000000e   Code   RO         2657    .text               c_w.l(defsig_rtmem_outer.o)
    0x0800117c   0x0800117c   0x00000050   Code   RO         2678    .text               c_w.l(defsig_rtmem_inner.o)
    0x080011cc   0x080011cc   0x00000004   PAD
    0x080011d0   0x080011d0   0x00000002   Code   RO          310    .text.BusFault_Handler  stm32h7xx_it.o
    0x080011d2   0x080011d2   0x00000006   PAD
    0x080011d8   0x080011d8   0x00000002   Code   RO          316    .text.DebugMon_Handler  stm32h7xx_it.o
    0x080011da   0x080011da   0x00000006   PAD
    0x080011e0   0x080011e0   0x0000000a   Code   RO           31    .text.Error_Handler  main.o
    0x080011ea   0x080011ea   0x00000006   PAD
    0x080011f0   0x080011f0   0x0000001a   Code   RO         2003    .text.ExitRun0Mode  system_stm32h7xx.o
    0x0800120a   0x0800120a   0x00000006   PAD
    0x08001210   0x08001210   0x00000010   Code   RO          322    .text.FDCAN1_IT0_IRQHandler  stm32h7xx_it.o
    0x08001220   0x08001220   0x00000070   Code   RO           23    .text.FDCAN1_ReceiveCallback  main.o
    0x08001290   0x08001290   0x00000070   Code   RO          239    .text.FDCAN1_SendMessage  fdcan.o
    0x08001300   0x08001300   0x000001c8   Code   RO          423    .text.FDCAN_CalcultateRamBlockAddresses  stm32h7xx_hal_fdcan.o
    0x080014c8   0x080014c8   0x00000086   Code   RO          493    .text.FDCAN_CopyMessageToRAM  stm32h7xx_hal_fdcan.o
    0x0800154e   0x0800154e   0x00000002   PAD
    0x08001550   0x08001550   0x000005be   Code   RO          902    .text.HAL_DMA_Abort  stm32h7xx_hal_dma.o
    0x08001b0e   0x08001b0e   0x00000002   PAD
    0x08001b10   0x08001b10   0x000002ae   Code   RO          904    .text.HAL_DMA_Abort_IT  stm32h7xx_hal_dma.o
    0x08001dbe   0x08001dbe   0x00000002   PAD
    0x08001dc0   0x08001dc0   0x00000028   Code   RO         1152    .text.HAL_Delay     stm32h7xx_hal.o
    0x08001de8   0x08001de8   0x00000078   Code   RO          571    .text.HAL_FDCAN_ActivateNotification  stm32h7xx_hal_fdcan.o
    0x08001e60   0x08001e60   0x00000066   Code   RO          491    .text.HAL_FDCAN_AddMessageToTxFifoQ  stm32h7xx_hal_fdcan.o
    0x08001ec6   0x08001ec6   0x00000002   PAD
    0x08001ec8   0x08001ec8   0x00000002   Code   RO          585    .text.HAL_FDCAN_ClockCalibrationCallback  stm32h7xx_hal_fdcan.o
    0x08001eca   0x08001eca   0x00000006   PAD
    0x08001ed0   0x08001ed0   0x00000088   Code   RO          443    .text.HAL_FDCAN_ConfigFilter  stm32h7xx_hal_fdcan.o
    0x08001f58   0x08001f58   0x00000002   Code   RO          613    .text.HAL_FDCAN_ErrorCallback  stm32h7xx_hal_fdcan.o
    0x08001f5a   0x08001f5a   0x00000006   PAD
    0x08001f60   0x08001f60   0x00000002   Code   RO          603    .text.HAL_FDCAN_ErrorStatusCallback  stm32h7xx_hal_fdcan.o
    0x08001f62   0x08001f62   0x00000006   PAD
    0x08001f68   0x08001f68   0x00000194   Code   RO          503    .text.HAL_FDCAN_GetRxMessage  stm32h7xx_hal_fdcan.o
    0x080020fc   0x080020fc   0x00000004   PAD
    0x08002100   0x08002100   0x00000002   Code   RO          581    .text.HAL_FDCAN_HighPriorityMessageCallback  stm32h7xx_hal_fdcan.o
    0x08002102   0x08002102   0x00000006   PAD
    0x08002108   0x08002108   0x000002f2   Code   RO          579    .text.HAL_FDCAN_IRQHandler  stm32h7xx_hal_fdcan.o
    0x080023fa   0x080023fa   0x00000006   PAD
    0x08002400   0x08002400   0x00000216   Code   RO          419    .text.HAL_FDCAN_Init  stm32h7xx_hal_fdcan.o
    0x08002616   0x08002616   0x00000002   PAD
    0x08002618   0x08002618   0x000000a6   Code   RO          235    .text.HAL_FDCAN_MspInit  fdcan.o
    0x080026be   0x080026be   0x00000002   PAD
    0x080026c0   0x080026c0   0x00000002   Code   RO          597    .text.HAL_FDCAN_RxBufferNewMessageCallback  stm32h7xx_hal_fdcan.o
    0x080026c2   0x080026c2   0x00000006   PAD
    0x080026c8   0x080026c8   0x00000036   Code   RO          243    .text.HAL_FDCAN_RxFifo0Callback  fdcan.o
    0x080026fe   0x080026fe   0x00000002   PAD
    0x08002700   0x08002700   0x00000002   Code   RO          591    .text.HAL_FDCAN_RxFifo1Callback  stm32h7xx_hal_fdcan.o
    0x08002702   0x08002702   0x00000006   PAD
    0x08002708   0x08002708   0x00000032   Code   RO          489    .text.HAL_FDCAN_Start  stm32h7xx_hal_fdcan.o
    0x0800273a   0x0800273a   0x00000006   PAD
    0x08002740   0x08002740   0x00000002   Code   RO          611    .text.HAL_FDCAN_TT_GlobalTimeCallback  stm32h7xx_hal_fdcan.o
    0x08002742   0x08002742   0x00000006   PAD
    0x08002748   0x08002748   0x00000002   Code   RO          605    .text.HAL_FDCAN_TT_ScheduleSyncCallback  stm32h7xx_hal_fdcan.o
    0x0800274a   0x0800274a   0x00000006   PAD
    0x08002750   0x08002750   0x00000002   Code   RO          609    .text.HAL_FDCAN_TT_StopWatchCallback  stm32h7xx_hal_fdcan.o
    0x08002752   0x08002752   0x00000006   PAD
    0x08002758   0x08002758   0x00000002   Code   RO          607    .text.HAL_FDCAN_TT_TimeMarkCallback  stm32h7xx_hal_fdcan.o
    0x0800275a   0x0800275a   0x00000006   PAD
    0x08002760   0x08002760   0x00000002   Code   RO          601    .text.HAL_FDCAN_TimeoutOccurredCallback  stm32h7xx_hal_fdcan.o
    0x08002762   0x08002762   0x00000006   PAD
    0x08002768   0x08002768   0x00000002   Code   RO          599    .text.HAL_FDCAN_TimestampWraparoundCallback  stm32h7xx_hal_fdcan.o
    0x0800276a   0x0800276a   0x00000006   PAD
    0x08002770   0x08002770   0x00000002   Code   RO          583    .text.HAL_FDCAN_TxBufferAbortCallback  stm32h7xx_hal_fdcan.o
    0x08002772   0x08002772   0x00000006   PAD
    0x08002778   0x08002778   0x00000002   Code   RO          595    .text.HAL_FDCAN_TxBufferCompleteCallback  stm32h7xx_hal_fdcan.o
    0x0800277a   0x0800277a   0x00000006   PAD
    0x08002780   0x08002780   0x00000002   Code   RO          587    .text.HAL_FDCAN_TxEventFifoCallback  stm32h7xx_hal_fdcan.o
    0x08002782   0x08002782   0x00000006   PAD
    0x08002788   0x08002788   0x00000002   Code   RO          593    .text.HAL_FDCAN_TxFifoEmptyCallback  stm32h7xx_hal_fdcan.o
    0x0800278a   0x0800278a   0x00000006   PAD
    0x08002790   0x08002790   0x000001a0   Code   RO          830    .text.HAL_GPIO_Init  stm32h7xx_hal_gpio.o
    0x08002930   0x08002930   0x0000000e   Code   RO         1160    .text.HAL_GetREVID  stm32h7xx_hal.o
    0x0800293e   0x0800293e   0x00000002   PAD
    0x08002940   0x08002940   0x0000000c   Code   RO         1144    .text.HAL_GetTick   stm32h7xx_hal.o
    0x0800294c   0x0800294c   0x00000004   PAD
    0x08002950   0x08002950   0x0000001a   Code   RO         1142    .text.HAL_IncTick   stm32h7xx_hal.o
    0x0800296a   0x0800296a   0x00000006   PAD
    0x08002970   0x08002970   0x00000064   Code   RO         1132    .text.HAL_Init      stm32h7xx_hal.o
    0x080029d4   0x080029d4   0x00000004   PAD
    0x080029d8   0x080029d8   0x00000054   Code   RO         1134    .text.HAL_InitTick  stm32h7xx_hal.o
    0x08002a2c   0x08002a2c   0x00000004   PAD
    0x08002a30   0x08002a30   0x0000005e   Code   RO          377    .text.HAL_MPU_ConfigRegion  stm32h7xx_hal_cortex.o
    0x08002a8e   0x08002a8e   0x00000002   PAD
    0x08002a90   0x08002a90   0x0000001a   Code   RO          369    .text.HAL_MPU_Disable  stm32h7xx_hal_cortex.o
    0x08002aaa   0x08002aaa   0x00000006   PAD
    0x08002ab0   0x08002ab0   0x00000020   Code   RO          371    .text.HAL_MPU_Enable  stm32h7xx_hal_cortex.o
    0x08002ad0   0x08002ad0   0x00000020   Code   RO          333    .text.HAL_MspInit   stm32h7xx_hal_msp.o
    0x08002af0   0x08002af0   0x00000008   Code   RO          353    .text.HAL_NVIC_EnableIRQ  stm32h7xx_hal_cortex.o
    0x08002af8   0x08002af8   0x0000001e   Code   RO          345    .text.HAL_NVIC_SetPriority  stm32h7xx_hal_cortex.o
    0x08002b16   0x08002b16   0x00000002   PAD
    0x08002b18   0x08002b18   0x00000008   Code   RO          341    .text.HAL_NVIC_SetPriorityGrouping  stm32h7xx_hal_cortex.o
    0x08002b20   0x08002b20   0x00000048   Code   RO         1044    .text.HAL_PWREx_ConfigSupply  stm32h7xx_hal_pwr_ex.o
    0x08002b68   0x08002b68   0x00000026   Code   RO          681    .text.HAL_RCCEx_GetD3PCLK1Freq  stm32h7xx_hal_rcc_ex.o
    0x08002b8e   0x08002b8e   0x00000002   PAD
    0x08002b90   0x08002b90   0x00000124   Code   RO          677    .text.HAL_RCCEx_GetPLL2ClockFreq  stm32h7xx_hal_rcc_ex.o
    0x08002cb4   0x08002cb4   0x00000004   PAD
    0x08002cb8   0x08002cb8   0x00000124   Code   RO          679    .text.HAL_RCCEx_GetPLL3ClockFreq  stm32h7xx_hal_rcc_ex.o
    0x08002ddc   0x08002ddc   0x00000004   PAD
    0x08002de0   0x08002de0   0x00000a10   Code   RO          665    .text.HAL_RCCEx_PeriphCLKConfig  stm32h7xx_hal_rcc_ex.o
    0x080037f0   0x080037f0   0x00000254   Code   RO          633    .text.HAL_RCC_ClockConfig  stm32h7xx_hal_rcc.o
    0x08003a44   0x08003a44   0x00000004   PAD
    0x08003a48   0x08003a48   0x0000004c   Code   RO          643    .text.HAL_RCC_GetHCLKFreq  stm32h7xx_hal_rcc.o
    0x08003a94   0x08003a94   0x00000004   PAD
    0x08003a98   0x08003a98   0x00000026   Code   RO          645    .text.HAL_RCC_GetPCLK1Freq  stm32h7xx_hal_rcc.o
    0x08003abe   0x08003abe   0x00000002   PAD
    0x08003ac0   0x08003ac0   0x00000026   Code   RO          647    .text.HAL_RCC_GetPCLK2Freq  stm32h7xx_hal_rcc.o
    0x08003ae6   0x08003ae6   0x00000002   PAD
    0x08003ae8   0x08003ae8   0x00000108   Code   RO          635    .text.HAL_RCC_GetSysClockFreq  stm32h7xx_hal_rcc.o
    0x08003bf0   0x08003bf0   0x00000686   Code   RO          631    .text.HAL_RCC_OscConfig  stm32h7xx_hal_rcc.o
    0x08004276   0x08004276   0x00000002   PAD
    0x08004278   0x08004278   0x00000008   Code   RO          365    .text.HAL_SYSTICK_Config  stm32h7xx_hal_cortex.o
    0x08004280   0x08004280   0x000000cc   Code   RO         1773    .text.HAL_TIMEx_MasterConfigSynchronization  stm32h7xx_hal_tim_ex.o
    0x0800434c   0x0800434c   0x00000004   PAD
    0x08004350   0x08004350   0x00000060   Code   RO         1455    .text.HAL_TIM_Base_Init  stm32h7xx_hal_tim.o
    0x080043b0   0x080043b0   0x00000058   Code   RO          275    .text.HAL_TIM_Base_MspInit  tim.o
    0x08004408   0x08004408   0x000000aa   Code   RO         1465    .text.HAL_TIM_Base_Start  stm32h7xx_hal_tim.o
    0x080044b2   0x080044b2   0x00000006   PAD
    0x080044b8   0x080044b8   0x0000010e   Code   RO         1651    .text.HAL_TIM_ConfigClockSource  stm32h7xx_hal_tim.o
    0x080045c6   0x080045c6   0x00000002   PAD
    0x080045c8   0x080045c8   0x00000082   Code   RO          271    .text.HAL_TIM_MspPostInit  tim.o
    0x0800464a   0x0800464a   0x00000006   PAD
    0x08004650   0x08004650   0x00000060   Code   RO         1601    .text.HAL_TIM_OC_ConfigChannel  stm32h7xx_hal_tim.o
    0x080046b0   0x080046b0   0x00000060   Code   RO         1483    .text.HAL_TIM_OC_Init  stm32h7xx_hal_tim.o
    0x08004710   0x08004710   0x00000002   Code   RO         1485    .text.HAL_TIM_OC_MspInit  stm32h7xx_hal_tim.o
    0x08004712   0x08004712   0x00000006   PAD
    0x08004718   0x08004718   0x000000bc   Code   RO         1625    .text.HAL_TIM_PWM_ConfigChannel  stm32h7xx_hal_tim.o
    0x080047d4   0x080047d4   0x00000004   PAD
    0x080047d8   0x080047d8   0x00000060   Code   RO         1509    .text.HAL_TIM_PWM_Init  stm32h7xx_hal_tim.o
    0x08004838   0x08004838   0x00000002   Code   RO         1511    .text.HAL_TIM_PWM_MspInit  stm32h7xx_hal_tim.o
    0x0800483a   0x0800483a   0x00000006   PAD
    0x08004840   0x08004840   0x000001a8   Code   RO         1517    .text.HAL_TIM_PWM_Start  stm32h7xx_hal_tim.o
    0x080049e8   0x080049e8   0x00000036   Code   RO         1976    .text.HAL_UARTEx_DisableFifoMode  stm32h7xx_hal_uart_ex.o
    0x08004a1e   0x08004a1e   0x00000002   PAD
    0x08004a20   0x08004a20   0x00000002   Code   RO         1899    .text.HAL_UARTEx_RxEventCallback  stm32h7xx_hal_uart.o
    0x08004a22   0x08004a22   0x00000006   PAD
    0x08004a28   0x08004a28   0x00000002   Code   RO         1958    .text.HAL_UARTEx_RxFifoFullCallback  stm32h7xx_hal_uart_ex.o
    0x08004a2a   0x08004a2a   0x00000006   PAD
    0x08004a30   0x08004a30   0x0000004a   Code   RO         1980    .text.HAL_UARTEx_SetRxFifoThreshold  stm32h7xx_hal_uart_ex.o
    0x08004a7a   0x08004a7a   0x00000006   PAD
    0x08004a80   0x08004a80   0x0000004a   Code   RO         1978    .text.HAL_UARTEx_SetTxFifoThreshold  stm32h7xx_hal_uart_ex.o
    0x08004aca   0x08004aca   0x00000006   PAD
    0x08004ad0   0x08004ad0   0x00000002   Code   RO         1960    .text.HAL_UARTEx_TxFifoEmptyCallback  stm32h7xx_hal_uart_ex.o
    0x08004ad2   0x08004ad2   0x00000006   PAD
    0x08004ad8   0x08004ad8   0x00000002   Code   RO         1956    .text.HAL_UARTEx_WakeupCallback  stm32h7xx_hal_uart_ex.o
    0x08004ada   0x08004ada   0x00000006   PAD
    0x08004ae0   0x08004ae0   0x00000002   Code   RO         1897    .text.HAL_UART_ErrorCallback  stm32h7xx_hal_uart.o
    0x08004ae2   0x08004ae2   0x00000006   PAD
    0x08004ae8   0x08004ae8   0x000003fe   Code   RO         1893    .text.HAL_UART_IRQHandler  stm32h7xx_hal_uart.o
    0x08004ee6   0x08004ee6   0x00000002   PAD
    0x08004ee8   0x08004ee8   0x00000064   Code   RO         1805    .text.HAL_UART_Init  stm32h7xx_hal_uart.o
    0x08004f4c   0x08004f4c   0x00000004   PAD
    0x08004f50   0x08004f50   0x000000a2   Code   RO          291    .text.HAL_UART_MspInit  usart.o
    0x08004ff2   0x08004ff2   0x00000006   PAD
    0x08004ff8   0x08004ff8   0x000000c6   Code   RO         1825    .text.HAL_UART_Transmit  stm32h7xx_hal_uart.o
    0x080050be   0x080050be   0x00000002   PAD
    0x080050c0   0x080050c0   0x00000002   Code   RO         1903    .text.HAL_UART_TxCpltCallback  stm32h7xx_hal_uart.o
    0x080050c2   0x080050c2   0x00000006   PAD
    0x080050c8   0x080050c8   0x00000002   Code   RO          306    .text.HardFault_Handler  stm32h7xx_it.o
    0x080050ca   0x080050ca   0x00000006   PAD
    0x080050d0   0x080050d0   0x000000c4   Code   RO          233    .text.MX_FDCAN1_Init  fdcan.o
    0x08005194   0x08005194   0x00000004   PAD
    0x08005198   0x08005198   0x00000044   Code   RO          225    .text.MX_GPIO_Init  gpio.o
    0x080051dc   0x080051dc   0x00000004   PAD
    0x080051e0   0x080051e0   0x000000c4   Code   RO          269    .text.MX_TIM3_Init  tim.o
    0x080052a4   0x080052a4   0x00000004   PAD
    0x080052a8   0x080052a8   0x000000c4   Code   RO          273    .text.MX_TIM5_Init  tim.o
    0x0800536c   0x0800536c   0x00000004   PAD
    0x08005370   0x08005370   0x0000007a   Code   RO          289    .text.MX_USART1_UART_Init  usart.o
    0x080053ea   0x080053ea   0x00000006   PAD
    0x080053f0   0x080053f0   0x00000002   Code   RO          308    .text.MemManage_Handler  stm32h7xx_it.o
    0x080053f2   0x080053f2   0x00000006   PAD
    0x080053f8   0x080053f8   0x00000002   Code   RO          304    .text.NMI_Handler   stm32h7xx_it.o
    0x080053fa   0x080053fa   0x00000006   PAD
    0x08005400   0x08005400   0x0000002e   Code   RO          351    .text.NVIC_EncodePriority  stm32h7xx_hal_cortex.o
    0x0800542e   0x0800542e   0x00000002   PAD
    0x08005430   0x08005430   0x00000002   Code   RO          318    .text.PendSV_Handler  stm32h7xx_it.o
    0x08005432   0x08005432   0x00000006   PAD
    0x08005438   0x08005438   0x0000011e   Code   RO          667    .text.RCCEx_PLL2_Config  stm32h7xx_hal_rcc_ex.o
    0x08005556   0x08005556   0x00000002   PAD
    0x08005558   0x08005558   0x0000011e   Code   RO          669    .text.RCCEx_PLL3_Config  stm32h7xx_hal_rcc_ex.o
    0x08005676   0x08005676   0x00000002   PAD
    0x08005678   0x08005678   0x00000002   Code   RO          314    .text.SVC_Handler   stm32h7xx_it.o
    0x0800567a   0x0800567a   0x00000006   PAD
    0x08005680   0x08005680   0x0000002e   Code   RO          367    .text.SysTick_Config  stm32h7xx_hal_cortex.o
    0x080056ae   0x080056ae   0x00000002   PAD
    0x080056b0   0x080056b0   0x00000008   Code   RO          320    .text.SysTick_Handler  stm32h7xx_it.o
    0x080056b8   0x080056b8   0x000000ee   Code   RO         1999    .text.SystemInit    system_stm32h7xx.o
    0x080057a6   0x080057a6   0x00000002   PAD
    0x080057a8   0x080057a8   0x00000140   Code   RO         1459    .text.TIM_Base_SetConfig  stm32h7xx_hal_tim.o
    0x080058e8   0x080058e8   0x0000001e   Code   RO         1493    .text.TIM_CCxChannelCmd  stm32h7xx_hal_tim.o
    0x08005906   0x08005906   0x00000002   PAD
    0x08005908   0x08005908   0x00000014   Code   RO         1649    .text.TIM_ETR_SetConfig  stm32h7xx_hal_tim.o
    0x0800591c   0x0800591c   0x00000004   PAD
    0x08005920   0x08005920   0x00000016   Code   RO         1655    .text.TIM_ITRx_SetConfig  stm32h7xx_hal_tim.o
    0x08005936   0x08005936   0x00000002   PAD
    0x08005938   0x08005938   0x000000c2   Code   RO         1603    .text.TIM_OC1_SetConfig  stm32h7xx_hal_tim.o
    0x080059fa   0x080059fa   0x00000006   PAD
    0x08005a00   0x08005a00   0x000000ac   Code   RO         1605    .text.TIM_OC2_SetConfig  stm32h7xx_hal_tim.o
    0x08005aac   0x08005aac   0x00000004   PAD
    0x08005ab0   0x08005ab0   0x000000ac   Code   RO         1607    .text.TIM_OC3_SetConfig  stm32h7xx_hal_tim.o
    0x08005b5c   0x08005b5c   0x00000004   PAD
    0x08005b60   0x08005b60   0x00000084   Code   RO         1609    .text.TIM_OC4_SetConfig  stm32h7xx_hal_tim.o
    0x08005be4   0x08005be4   0x00000004   PAD
    0x08005be8   0x08005be8   0x00000082   Code   RO         1611    .text.TIM_OC5_SetConfig  stm32h7xx_hal_tim.o
    0x08005c6a   0x08005c6a   0x00000006   PAD
    0x08005c70   0x08005c70   0x00000084   Code   RO         1613    .text.TIM_OC6_SetConfig  stm32h7xx_hal_tim.o
    0x08005cf4   0x08005cf4   0x00000004   PAD
    0x08005cf8   0x08005cf8   0x00000022   Code   RO         1653    .text.TIM_TI1_ConfigInputStage  stm32h7xx_hal_tim.o
    0x08005d1a   0x08005d1a   0x00000006   PAD
    0x08005d20   0x08005d20   0x00000024   Code   RO         1657    .text.TIM_TI2_ConfigInputStage  stm32h7xx_hal_tim.o
    0x08005d44   0x08005d44   0x00000004   PAD
    0x08005d48   0x08005d48   0x00000054   Code   RO         1974    .text.UARTEx_SetNbDataToProcess  stm32h7xx_hal_uart_ex.o
    0x08005d9c   0x08005d9c   0x00000004   PAD
    0x08005da0   0x08005da0   0x000000e0   Code   RO         1809    .text.UART_AdvFeatureConfig  stm32h7xx_hal_uart.o
    0x08005e80   0x08005e80   0x000000b8   Code   RO         1813    .text.UART_CheckIdleState  stm32h7xx_hal_uart.o
    0x08005f38   0x08005f38   0x00000010   Code   RO         1895    .text.UART_DMAAbortOnError  stm32h7xx_hal_uart.o
    0x08005f48   0x08005f48   0x0000005a   Code   RO         1865    .text.UART_EndRxTransfer  stm32h7xx_hal_uart.o
    0x08005fa2   0x08005fa2   0x00000006   PAD
    0x08005fa8   0x08005fa8   0x00000028   Code   RO         1901    .text.UART_EndTransmit_IT  stm32h7xx_hal_uart.o
    0x08005fd0   0x08005fd0   0x00000582   Code   RO         1811    .text.UART_SetConfig  stm32h7xx_hal_uart.o
    0x08006552   0x08006552   0x00000006   PAD
    0x08006558   0x08006558   0x000000c2   Code   RO         1827    .text.UART_WaitOnFlagUntilTimeout  stm32h7xx_hal_uart.o
    0x0800661a   0x0800661a   0x00000006   PAD
    0x08006620   0x08006620   0x00000010   Code   RO          324    .text.USART1_IRQHandler  stm32h7xx_it.o
    0x08006630   0x08006630   0x00000002   Code   RO          312    .text.UsageFault_Handler  stm32h7xx_it.o
    0x08006632   0x08006632   0x00000006   PAD
    0x08006638   0x08006638   0x000000be   Code   RO           29    .text._Z18SystemClock_Configv  main.o
    0x080066f6   0x080066f6   0x00000002   PAD
    0x080066f8   0x080066f8   0x00000036   Code   RO           27    .text._ZL10MPU_Configv  main.o
    0x0800672e   0x0800672e   0x00000002   PAD
    0x08006730   0x08006730   0x00000036   Code   RO         2147    .text._ZN4math5limitEfRKfS1_  utils.o
    0x08006766   0x08006766   0x00000002   PAD
    0x08006768   0x08006768   0x0000005c   Code   RO         2153    .text._ZN4math9loopLimitEfRKfS1_  utils.o
    0x080067c4   0x080067c4   0x00000004   PAD
    0x080067c8   0x080067c8   0x0000001e   Code   RO          216    .text._ZN7MatrixfILi1ELi12EEC2Ev  main.o
    0x080067e6   0x080067e6   0x00000002   PAD
    0x080067e8   0x080067e8   0x00000002   Code   RO          204    .text._ZN7MatrixfILi1ELi12EED2Ev  main.o
    0x080067ea   0x080067ea   0x00000006   PAD
    0x080067f0   0x080067f0   0x0000000e   Code   RO          202    .text._ZN7MatrixfILi1ELi12EEixERKi  main.o
    0x080067fe   0x080067fe   0x00000002   PAD
    0x08006800   0x08006800   0x0000001c   Code   RO          190    .text._ZN7MatrixfILi1ELi1EEC2Ev  main.o
    0x0800681c   0x0800681c   0x00000004   PAD
    0x08006820   0x08006820   0x00000002   Code   RO          186    .text._ZN7MatrixfILi1ELi1EED2Ev  main.o
    0x08006822   0x08006822   0x00000006   PAD
    0x08006828   0x08006828   0x0000000a   Code   RO          184    .text._ZN7MatrixfILi1ELi1EEixERKi  main.o
    0x08006832   0x08006832   0x00000006   PAD
    0x08006838   0x08006838   0x0000001e   Code   RO          192    .text._ZN7MatrixfILi1ELi6EEC2Ev  main.o
    0x08006856   0x08006856   0x00000002   PAD
    0x08006858   0x08006858   0x00000002   Code   RO          188    .text._ZN7MatrixfILi1ELi6EED2Ev  main.o
    0x0800685a   0x0800685a   0x00000006   PAD
    0x08006860   0x08006860   0x00000016   Code   RO          122    .text._ZN7MatrixfILi3ELi1EEC2EPf  main.o
    0x08006876   0x08006876   0x00000002   PAD
    0x08006878   0x08006878   0x00000018   Code   RO          146    .text._ZN7MatrixfILi3ELi1EEC2ERKS0_  main.o
    0x08006890   0x08006890   0x0000001e   Code   RO           98    .text._ZN7MatrixfILi3ELi1EEC2Ev  main.o
    0x080068ae   0x080068ae   0x00000002   PAD
    0x080068b0   0x080068b0   0x00000002   Code   RO           70    .text._ZN7MatrixfILi3ELi1EED2Ev  main.o
    0x080068b2   0x080068b2   0x00000006   PAD
    0x080068b8   0x080068b8   0x0000000e   Code   RO          120    .text._ZN7MatrixfILi3ELi1EEaSES0_  main.o
    0x080068c6   0x080068c6   0x00000002   PAD
    0x080068c8   0x080068c8   0x0000000a   Code   RO          114    .text._ZN7MatrixfILi3ELi1EEixERKi  main.o
    0x080068d2   0x080068d2   0x00000006   PAD
    0x080068d8   0x080068d8   0x00000018   Code   RO          148    .text._ZN7MatrixfILi3ELi1EEmiERKS0_  main.o
    0x080068f0   0x080068f0   0x0000001a   Code   RO         2124    .text._ZN7MatrixfILi3ELi1EEmlERKf  robotics.o
    0x0800690a   0x0800690a   0x00000006   PAD
    0x08006910   0x08006910   0x00000044   Code   RO         2096    .text._ZN7MatrixfILi3ELi3EE5traceEv  robotics.o
    0x08006954   0x08006954   0x00000004   PAD
    0x08006958   0x08006958   0x00000014   Code   RO         2118    .text._ZN7MatrixfILi3ELi3EE5transEv  robotics.o
    0x0800696c   0x0800696c   0x00000004   PAD
    0x08006970   0x08006970   0x00000030   Code   RO          110    .text._ZN7MatrixfILi3ELi3EEC2EPf  main.o
    0x080069a0   0x080069a0   0x00000030   Code   RO           66    .text._ZN7MatrixfILi3ELi3EEC2ERKS0_  main.o
    0x080069d0   0x080069d0   0x0000001c   Code   RO           50    .text._ZN7MatrixfILi3ELi3EEC2Ev  main.o
    0x080069ec   0x080069ec   0x00000004   PAD
    0x080069f0   0x080069f0   0x00000002   Code   RO           56    .text._ZN7MatrixfILi3ELi3EED2Ev  main.o
    0x080069f2   0x080069f2   0x00000006   PAD
    0x080069f8   0x080069f8   0x00000024   Code   RO           54    .text._ZN7MatrixfILi3ELi3EEaSES0_  main.o
    0x08006a1c   0x08006a1c   0x00000004   PAD
    0x08006a20   0x08006a20   0x0000000e   Code   RO          108    .text._ZN7MatrixfILi3ELi3EEixERKi  main.o
    0x08006a2e   0x08006a2e   0x00000002   PAD
    0x08006a30   0x08006a30   0x0000001a   Code   RO           60    .text._ZN7MatrixfILi3ELi3EEmlERKf  main.o
    0x08006a4a   0x08006a4a   0x00000006   PAD
    0x08006a50   0x08006a50   0x00000014   Code   RO           64    .text._ZN7MatrixfILi3ELi6EE3colERKi  main.o
    0x08006a64   0x08006a64   0x00000004   PAD
    0x08006a68   0x08006a68   0x0000005c   Code   RO          112    .text._ZN7MatrixfILi3ELi6EE5blockILi3ELi1EEES_IXT_EXT0_EERKiS4_  main.o
    0x08006ac4   0x08006ac4   0x00000004   PAD
    0x08006ac8   0x08006ac8   0x00000018   Code   RO           48    .text._ZN7MatrixfILi3ELi6EEC2EPf  main.o
    0x08006ae0   0x08006ae0   0x0000001e   Code   RO          104    .text._ZN7MatrixfILi3ELi6EEC2Ev  main.o
    0x08006afe   0x08006afe   0x00000002   PAD
    0x08006b00   0x08006b00   0x00000002   Code   RO           94    .text._ZN7MatrixfILi3ELi6EED2Ev  main.o
    0x08006b02   0x08006b02   0x00000006   PAD
    0x08006b08   0x08006b08   0x00000054   Code   RO         2102    .text._ZN7MatrixfILi4ELi1EE5blockILi3ELi1EEES_IXT_EXT0_EERKiS4_  robotics.o
    0x08006b5c   0x08006b5c   0x00000004   PAD
    0x08006b60   0x08006b60   0x00000014   Code   RO         2098    .text._ZN7MatrixfILi4ELi1EEC2EPf  robotics.o
    0x08006b74   0x08006b74   0x00000004   PAD
    0x08006b78   0x08006b78   0x0000001e   Code   RO         2136    .text._ZN7MatrixfILi4ELi1EEC2Ev  robotics.o
    0x08006b96   0x08006b96   0x00000002   PAD
    0x08006b98   0x08006b98   0x00000002   Code   RO         2112    .text._ZN7MatrixfILi4ELi1EED2Ev  robotics.o
    0x08006b9a   0x08006b9a   0x00000006   PAD
    0x08006ba0   0x08006ba0   0x0000000a   Code   RO         2100    .text._ZN7MatrixfILi4ELi1EEixERKi  robotics.o
    0x08006baa   0x08006baa   0x00000006   PAD
    0x08006bb0   0x08006bb0   0x00000058   Code   RO          144    .text._ZN7MatrixfILi4ELi4EE5blockILi3ELi1EEES_IXT_EXT0_EERKiS4_  main.o
    0x08006c08   0x08006c08   0x00000070   Code   RO         2116    .text._ZN7MatrixfILi4ELi4EE5blockILi3ELi3EEES_IXT_EXT0_EERKiS4_  robotics.o
    0x08006c78   0x08006c78   0x00000048   Code   RO          130    .text._ZN7MatrixfILi4ELi4EEC2EPf  main.o
    0x08006cc0   0x08006cc0   0x00000048   Code   RO           80    .text._ZN7MatrixfILi4ELi4EEC2ERKS0_  main.o
    0x08006d08   0x08006d08   0x0000001c   Code   RO          100    .text._ZN7MatrixfILi4ELi4EEC2Ev  main.o
    0x08006d24   0x08006d24   0x00000004   PAD
    0x08006d28   0x08006d28   0x00000002   Code   RO           86    .text._ZN7MatrixfILi4ELi4EED2Ev  main.o
    0x08006d2a   0x08006d2a   0x00000006   PAD
    0x08006d30   0x08006d30   0x00000040   Code   RO          126    .text._ZN7MatrixfILi4ELi4EEaSES0_  main.o
    0x08006d70   0x08006d70   0x0000000a   Code   RO         2126    .text._ZN7MatrixfILi4ELi4EEixERKi  robotics.o
    0x08006d7a   0x08006d7a   0x00000006   PAD
    0x08006d80   0x08006d80   0x00000012   Code   RO          200    .text._ZN7MatrixfILi6ELi12EE3rowERKi  main.o
    0x08006d92   0x08006d92   0x00000006   PAD
    0x08006d98   0x08006d98   0x00000092   Code   RO          214    .text._ZN7MatrixfILi6ELi12EE5blockILi1ELi12EEES_IXT_EXT0_EERKiS4_  main.o
    0x08006e2a   0x08006e2a   0x00000006   PAD
    0x08006e30   0x08006e30   0x0000001a   Code   RO          208    .text._ZN7MatrixfILi6ELi12EEC2EPf  main.o
    0x08006e4a   0x08006e4a   0x00000006   PAD
    0x08006e50   0x08006e50   0x0000001e   Code   RO          210    .text._ZN7MatrixfILi6ELi12EEC2Ev  main.o
    0x08006e6e   0x08006e6e   0x00000002   PAD
    0x08006e70   0x08006e70   0x00000002   Code   RO          206    .text._ZN7MatrixfILi6ELi12EED2Ev  main.o
    0x08006e72   0x08006e72   0x00000006   PAD
    0x08006e78   0x08006e78   0x0000000e   Code   RO          196    .text._ZN7MatrixfILi6ELi12EEixERKi  main.o
    0x08006e86   0x08006e86   0x00000002   PAD
    0x08006e88   0x08006e88   0x00000060   Code   RO          156    .text._ZN7MatrixfILi6ELi1EE4normEv  main.o
    0x08006ee8   0x08006ee8   0x00000054   Code   RO          154    .text._ZN7MatrixfILi6ELi1EE5blockILi3ELi1EEES_IXT_EXT0_EERKiS4_  main.o
    0x08006f3c   0x08006f3c   0x00000004   PAD
    0x08006f40   0x08006f40   0x00000014   Code   RO          182    .text._ZN7MatrixfILi6ELi1EE5transEv  main.o
    0x08006f54   0x08006f54   0x00000004   PAD
    0x08006f58   0x08006f58   0x00000020   Code   RO           82    .text._ZN7MatrixfILi6ELi1EEC2EPf  main.o
    0x08006f78   0x08006f78   0x00000024   Code   RO          138    .text._ZN7MatrixfILi6ELi1EEC2ERKS0_  main.o
    0x08006f9c   0x08006f9c   0x00000004   PAD
    0x08006fa0   0x08006fa0   0x0000001e   Code   RO          132    .text._ZN7MatrixfILi6ELi1EEC2Ev  main.o
    0x08006fbe   0x08006fbe   0x00000002   PAD
    0x08006fc0   0x08006fc0   0x00000002   Code   RO           84    .text._ZN7MatrixfILi6ELi1EED2Ev  main.o
    0x08006fc2   0x08006fc2   0x00000006   PAD
    0x08006fc8   0x08006fc8   0x00000020   Code   RO          168    .text._ZN7MatrixfILi6ELi1EEaSES0_  main.o
    0x08006fe8   0x08006fe8   0x0000000a   Code   RO          134    .text._ZN7MatrixfILi6ELi1EEixERKi  main.o
    0x08006ff2   0x08006ff2   0x00000006   PAD
    0x08006ff8   0x08006ff8   0x0000001a   Code   RO          166    .text._ZN7MatrixfILi6ELi1EEmlERKf  main.o
    0x08007012   0x08007012   0x00000006   PAD
    0x08007018   0x08007018   0x0000000e   Code   RO          176    .text._ZN7MatrixfILi6ELi1EEpLES0_  main.o
    0x08007026   0x08007026   0x00000002   PAD
    0x08007028   0x08007028   0x00000018   Code   RO          178    .text._ZN7MatrixfILi6ELi1EEplERKS0_  main.o
    0x08007040   0x08007040   0x00000014   Code   RO          164    .text._ZN7MatrixfILi6ELi6EE5transEv  main.o
    0x08007054   0x08007054   0x00000004   PAD
    0x08007058   0x08007058   0x00000018   Code   RO          212    .text._ZN7MatrixfILi6ELi6EEC2EPf  main.o
    0x08007070   0x08007070   0x0000001a   Code   RO          152    .text._ZN7MatrixfILi6ELi6EEC2ERKS0_  main.o
    0x0800708a   0x0800708a   0x00000006   PAD
    0x08007090   0x08007090   0x0000001c   Code   RO          116    .text._ZN7MatrixfILi6ELi6EEC2Ev  main.o
    0x080070ac   0x080070ac   0x00000004   PAD
    0x080070b0   0x080070b0   0x00000002   Code   RO           90    .text._ZN7MatrixfILi6ELi6EED2Ev  main.o
    0x080070b2   0x080070b2   0x00000006   PAD
    0x080070b8   0x080070b8   0x0000000e   Code   RO          150    .text._ZN7MatrixfILi6ELi6EEixERKi  main.o
    0x080070c6   0x080070c6   0x00000002   PAD
    0x080070c8   0x080070c8   0x00000018   Code   RO          170    .text._ZN7MatrixfILi6ELi6EEplERKS0_  main.o
    0x080070e0   0x080070e0   0x00000030   Code   RO           58    .text._ZN7matrixf3eyeILi3ELi3EEE7MatrixfIXT_EXT0_EEv  main.o
    0x08007110   0x08007110   0x00000030   Code   RO          124    .text._ZN7matrixf3eyeILi4ELi4EEE7MatrixfIXT_EXT0_EEv  main.o
    0x08007140   0x08007140   0x00000030   Code   RO          174    .text._ZN7matrixf3eyeILi6ELi6EEE7MatrixfIXT_EXT0_EEv  main.o
    0x08007170   0x08007170   0x000002e8   Code   RO          160    .text._ZN7matrixf3invILi6EEE7MatrixfIXT_EXT_EES2_  main.o
    0x08007458   0x08007458   0x00000034   Code   RO           52    .text._ZN7matrixf4diagILi3ELi3EEE7MatrixfIXT_EXT0_EEPKf  main.o
    0x0800748c   0x0800748c   0x00000004   PAD
    0x08007490   0x08007490   0x00000016   Code   RO          118    .text._ZN7matrixf5zerosILi3ELi1EEE7MatrixfIXT_EXT0_EEv  main.o
    0x080074a6   0x080074a6   0x00000002   PAD
    0x080074a8   0x080074a8   0x0000001c   Code   RO          106    .text._ZN7matrixf5zerosILi3ELi3EEE7MatrixfIXT_EXT0_EEv  main.o
    0x080074c4   0x080074c4   0x00000004   PAD
    0x080074c8   0x080074c8   0x0000001e   Code   RO          194    .text._ZN7matrixf5zerosILi6ELi12EEE7MatrixfIXT_EXT0_EEv  main.o
    0x080074e6   0x080074e6   0x00000002   PAD
    0x080074e8   0x080074e8   0x0000001c   Code   RO          222    .text._ZN7matrixf5zerosILi6ELi1EEE7MatrixfIXT_EXT0_EEv  main.o
    0x08007504   0x08007504   0x00000004   PAD
    0x08007508   0x08007508   0x0000001c   Code   RO          198    .text._ZN7matrixf5zerosILi6ELi6EEE7MatrixfIXT_EXT0_EEv  main.o
    0x08007524   0x08007524   0x00000004   PAD
    0x08007528   0x08007528   0x00000008   Code   RO          220    .text._ZN8robotics11Serial_LinkILt6EE3rneE7MatrixfILi6ELi1EES3_S3_S3_  main.o
    0x08007530   0x08007530   0x00000118   Code   RO           88    .text._ZN8robotics11Serial_LinkILt6EE3rneEPKfS3_S3_S3_  main.o
    0x08007648   0x08007648   0x0000008a   Code   RO          140    .text._ZN8robotics11Serial_LinkILt6EE5fkineE7MatrixfILi6ELi1EE  main.o
    0x080076d2   0x080076d2   0x00000006   PAD
    0x080076d8   0x080076d8   0x0000007a   Code   RO           74    .text._ZN8robotics11Serial_LinkILt6EE5fkineEPKf  main.o
    0x08007752   0x08007752   0x00000006   PAD
    0x08007758   0x08007758   0x000006dc   Code   RO           78    .text._ZN8robotics11Serial_LinkILt6EE5ikineE7MatrixfILi4ELi4EES2_ILi6ELi1EEft  main.o
    0x08007e34   0x08007e34   0x00000004   PAD
    0x08007e38   0x08007e38   0x0000030e   Code   RO          136    .text._ZN8robotics11Serial_LinkILt6EE5jacobE7MatrixfILi6ELi1EE  main.o
    0x08008146   0x08008146   0x00000002   PAD
    0x08008148   0x08008148   0x0000005e   Code   RO           76    .text._ZN8robotics11Serial_LinkILt6EE5jacobEPKf  main.o
    0x080081a6   0x080081a6   0x00000002   PAD
    0x080081a8   0x080081a8   0x00000090   Code   RO           72    .text._ZN8robotics11Serial_LinkILt6EEC2EPNS_4LinkE  main.o
    0x08008238   0x08008238   0x00000032   Code   RO           92    .text._ZN8robotics11Serial_LinkILt6EED2Ev  main.o
    0x0800826a   0x0800826a   0x00000006   PAD
    0x08008270   0x08008270   0x00000018   Code   RO         2055    .text._ZN8robotics3t2pE7MatrixfILi4ELi4EE  robotics.o
    0x08008288   0x08008288   0x00000016   Code   RO         2051    .text._ZN8robotics3t2rE7MatrixfILi4ELi4EE  robotics.o
    0x0800829e   0x0800829e   0x00000002   PAD
    0x080082a0   0x080082a0   0x00000156   Code   RO         2079    .text._ZN8robotics4DH_t5fkineEv  robotics.o
    0x080083f6   0x080083f6   0x00000002   PAD
    0x080083f8   0x080083f8   0x0000000e   Code   RO           96    .text._ZN8robotics4DH_tC2Ev  main.o
    0x08008406   0x08008406   0x00000002   PAD
    0x08008408   0x08008408   0x0000000e   Code   RO          102    .text._ZN8robotics4DH_tD2Ev  main.o
    0x08008416   0x08008416   0x00000002   PAD
    0x08008418   0x08008418   0x0000005e   Code   RO         2087    .text._ZN8robotics4Link1TEf  robotics.o
    0x08008476   0x08008476   0x00000002   PAD
    0x08008478   0x08008478   0x00000006   Code   RO          142    .text._ZN8robotics4Link4typeEv  main.o
    0x0800847e   0x0800847e   0x00000002   PAD
    0x08008480   0x08008480   0x00000086   Code   RO         2083    .text._ZN8robotics4LinkC2ERKS0_  robotics.o
    0x08008506   0x08008506   0x00000002   PAD
    0x08008508   0x08008508   0x000000ae   Code   RO         2081    .text._ZN8robotics4LinkC2EffffNS_10joint_typeEffff7MatrixfILi3ELi1EES2_ILi3ELi3EE  robotics.o
    0x080085b6   0x080085b6   0x00000002   PAD
    0x080085b8   0x080085b8   0x0000001a   Code   RO           62    .text._ZN8robotics4LinkC2Ev  main.o
    0x080085d2   0x080085d2   0x00000006   PAD
    0x080085d8   0x080085d8   0x0000001a   Code   RO           68    .text._ZN8robotics4LinkD2Ev  main.o
    0x080085f2   0x080085f2   0x00000006   PAD
    0x080085f8   0x080085f8   0x0000006c   Code   RO         2085    .text._ZN8robotics4LinkaSES0_  robotics.o
    0x08008664   0x08008664   0x00000004   PAD
    0x08008668   0x08008668   0x0000014e   Code   RO         2061    .text._ZN8robotics4invTE7MatrixfILi4ELi4EE  robotics.o
    0x080087b6   0x080087b6   0x00000002   PAD
    0x080087b8   0x080087b8   0x000000ea   Code   RO         2075    .text._ZN8robotics7t2twistE7MatrixfILi4ELi4EE  robotics.o
    0x080088a2   0x080088a2   0x00000006   PAD
    0x080088a8   0x080088a8   0x000001ec   Code   RO         2035    .text._ZN8robotics8r2angvecE7MatrixfILi3ELi3EE  robotics.o
    0x08008a94   0x08008a94   0x00000004   PAD
    0x08008a98   0x08008a98   0x00000030   Code   RO         2067    .text._ZN8robotics8t2angvecE7MatrixfILi4ELi4EE  robotics.o
    0x08008ac8   0x08008ac8   0x00000090   Code   RO         2016    .text._ZN8vector3f3hatE7MatrixfILi3ELi1EE  matrix.o
    0x08008b58   0x08008b58   0x00000034   Code   RO         2018    .text._ZN8vector3f5crossE7MatrixfILi3ELi1EES1_  matrix.o
    0x08008b8c   0x08008b8c   0x00000004   PAD
    0x08008b90   0x08008b90   0x00000018   Code   RO          180    .text._ZmlILi1EE7MatrixfILi1EXT_EERKS0_ILi1ELi6EERKS0_ILi6EXT_EE  main.o
    0x08008ba8   0x08008ba8   0x00000018   Code   RO         2027    .text._ZmlILi1EE7MatrixfILi3EXT_EERKS0_ILi3ELi3EERKS1_  matrix.o
    0x08008bc0   0x08008bc0   0x00000018   Code   RO          158    .text._ZmlILi1EE7MatrixfILi6EXT_EERKS0_ILi6ELi6EERKS1_  main.o
    0x08008bd8   0x08008bd8   0x00000018   Code   RO          128    .text._ZmlILi4EE7MatrixfILi4EXT_EERKS0_ILi4ELi4EERKS1_  main.o
    0x08008bf0   0x08008bf0   0x00000018   Code   RO          162    .text._ZmlILi6EE7MatrixfILi6EXT_EERKS0_ILi6ELi6EERKS1_  main.o
    0x08008c08   0x08008c08   0x0000001a   Code   RO         2120    .text._ZmlRKfRK7MatrixfILi3ELi3EE  robotics.o
    0x08008c22   0x08008c22   0x00000006   PAD
    0x08008c28   0x08008c28   0x0000001a   Code   RO          172    .text._ZmlRKfRK7MatrixfILi6ELi6EE  main.o
    0x08008c42   0x08008c42   0x00000006   PAD
    0x08008c48   0x08008c48   0x00000010   Code   RO          218    .text.__ARM_isinff  main.o
    0x08008c58   0x08008c58   0x00000020   Code   RO          355    .text.__NVIC_EnableIRQ  stm32h7xx_hal_cortex.o
    0x08008c78   0x08008c78   0x00000010   Code   RO          347    .text.__NVIC_GetPriorityGrouping  stm32h7xx_hal_cortex.o
    0x08008c88   0x08008c88   0x00000022   Code   RO          349    .text.__NVIC_SetPriority  stm32h7xx_hal_cortex.o
    0x08008caa   0x08008caa   0x00000006   PAD
    0x08008cb0   0x08008cb0   0x00000020   Code   RO          343    .text.__NVIC_SetPriorityGrouping  stm32h7xx_hal_cortex.o
    0x08008cd0   0x08008cd0   0x00000012   Code   RO         2167    .text._sys_close    retarget_io.o
    0x08008ce2   0x08008ce2   0x00000006   PAD
    0x08008ce8   0x08008ce8   0x00000002   Code   RO           11    .text._sys_exit     main.o
    0x08008cea   0x08008cea   0x00000006   PAD
    0x08008cf0   0x08008cf0   0x00000004   Code   RO         2185    .text._sys_flen     retarget_io.o
    0x08008cf4   0x08008cf4   0x00000004   PAD
    0x08008cf8   0x08008cf8   0x00000010   Code   RO         2181    .text._sys_istty    retarget_io.o
    0x08008d08   0x08008d08   0x00000064   Code   RO         2165    .text._sys_open     retarget_io.o
    0x08008d6c   0x08008d6c   0x00000004   PAD
    0x08008d70   0x08008d70   0x00000006   Code   RO         2183    .text._sys_seek     retarget_io.o
    0x08008d76   0x08008d76   0x00000002   PAD
    0x08008d78   0x08008d78   0x00000036   Code   RO         2169    .text._sys_write    retarget_io.o
    0x08008dae   0x08008dae   0x00000002   PAD
    0x08008db0   0x08008db0   0x00000022   Code   RO           13    .text._ttywrch      main.o
    0x08008dd2   0x08008dd2   0x00000002   PAD
    0x08008dd4   0x08008dd4   0x000000be   Code   RO         2198    .text.arm_mat_add_f32  arm_cortexM7lfdp_math.lib(arm_mat_add_f32.o)
    0x08008e92   0x08008e92   0x00000008   Code   RO         2208    .text.arm_mat_init_f32  arm_cortexM7lfdp_math.lib(arm_mat_init_f32.o)
    0x08008e9a   0x08008e9a   0x00000002   PAD
    0x08008e9c   0x08008e9c   0x00000130   Code   RO         2217    .text.arm_mat_mult_f32  arm_cortexM7lfdp_math.lib(arm_mat_mult_f32.o)
    0x08008fcc   0x08008fcc   0x0000009a   Code   RO         2227    .text.arm_mat_scale_f32  arm_cortexM7lfdp_math.lib(arm_mat_scale_f32.o)
    0x08009066   0x08009066   0x00000002   PAD
    0x08009068   0x08009068   0x000000be   Code   RO         2237    .text.arm_mat_sub_f32  arm_cortexM7lfdp_math.lib(arm_mat_sub_f32.o)
    0x08009126   0x08009126   0x00000002   PAD
    0x08009128   0x08009128   0x000000b4   Code   RO         2247    .text.arm_mat_trans_f32  arm_cortexM7lfdp_math.lib(arm_mat_trans_f32.o)
    0x080091dc   0x080091dc   0x00000004   PAD
    0x080091e0   0x080091e0   0x00000026   Code   RO           15    .text.fputc         main.o
    0x08009206   0x08009206   0x00000002   PAD
    0x08009208   0x08009208   0x000007b8   Code   RO           25    .text.main          main.o
    0x080099c0   0x080099c0   0x00000004   Code   RO         2173    .text.stderr_putchar  retarget_io.o
    0x080099c4   0x080099c4   0x00000004   PAD
    0x080099c8   0x080099c8   0x00000004   Code   RO         2171    .text.stdout_putchar  retarget_io.o
    0x080099cc   0x080099cc   0x00000026   Code   RO         2387    i.__ARM_fpclassifyf  m_wv.l(fpclassifyf.o)
    0x080099f2   0x080099f2   0x00000002   PAD
    0x080099f4   0x080099f4   0x00000118   Code   RO         2330    i.__hardfp_acosf    m_wv.l(acosf.o)
    0x08009b0c   0x08009b0c   0x00000150   Code   RO         2348    i.__hardfp_cosf     m_wv.l(cosf.o)
    0x08009c5c   0x08009c5c   0x00000190   Code   RO         2354    i.__hardfp_sinf     m_wv.l(sinf.o)
    0x08009dec   0x08009dec   0x0000003a   Code   RO         2360    i.__hardfp_sqrtf    m_wv.l(sqrtf.o)
    0x08009e26   0x08009e26   0x00000006   Code   RO         2390    i.__mathlib_flt_infnan  m_wv.l(funder.o)
    0x08009e2c   0x08009e2c   0x00000010   Code   RO         2392    i.__mathlib_flt_invalid  m_wv.l(funder.o)
    0x08009e3c   0x08009e3c   0x00000010   Code   RO         2395    i.__mathlib_flt_underflow  m_wv.l(funder.o)
    0x08009e4c   0x08009e4c   0x00000154   Code   RO         2403    i.__mathlib_rredf2  m_wv.l(rredf.o)
    0x08009fa0   0x08009fa0   0x0000000e   Code   RO         2303    i._is_digit         c_w.l(__printf_wp.o)
    0x08009fae   0x08009fae   0x0000003e   Code   RO         2362    i.sqrtf             m_wv.l(sqrtf.o)
    0x08009fec   0x08009fec   0x0000001a   Code   RO         2632    x$fpl$fpinit        fz_wv.l(fpinit.o)
    0x0800a006   0x0800a006   0x00000000   Code   RO         2386    x$fpl$usenofp       fz_wv.l(usenofp.o)
    0x0800a006   0x0800a006   0x00000028   Data   RO         2276    .constdata          c_w.l(_printf_hex_int.o)
    0x0800a02e   0x0800a02e   0x00000011   Data   RO         2306    .constdata          c_w.l(__printf_flags_wp.o)
    0x0800a03f   0x0800a03f   0x00000001   PAD
    0x0800a040   0x0800a040   0x00000020   Data   RO         2404    .constdata          m_wv.l(rredf.o)
    0x0800a060   0x0800a060   0x0000004c   Data   RO          619    .rodata..L__const.HAL_FDCAN_Init.CvtEltSize  stm32h7xx_hal_fdcan.o
    0x0800a0ac   0x0800a0ac   0x00000018   Data   RO           38    .rodata..L__const.main.he  main.o
    0x0800a0c4   0x0800a0c4   0x00000018   Data   RO           35    .rodata..L__const.main.q  main.o
    0x0800a0dc   0x0800a0dc   0x00000018   Data   RO           37    .rodata..L__const.main.qa  main.o
    0x0800a0f4   0x0800a0f4   0x00000018   Data   RO           36    .rodata..L__const.main.qv  main.o
    0x0800a10c   0x0800a10c   0x00000048   Data   RO           34    .rodata..Lconstinit  main.o
    0x0800a154   0x0800a154   0x00000018   Data   RO           39    .rodata..Lconstinit.6  main.o
    0x0800a16c   0x0800a16c   0x00000010   Data   RO         2007    .rodata.D1CorePrescTable  system_stm32h7xx.o
    0x0800a17c   0x0800a17c   0x00000018   Data   RO         1945    .rodata.UARTPrescTable  stm32h7xx_hal_uart.o
    0x0800a194   0x0800a194   0x00000008   Data   RO         2189    .rodata.__stderr_name  retarget_io.o
    0x0800a19c   0x0800a19c   0x00000007   Data   RO         2187    .rodata.__stdin_name  retarget_io.o
    0x0800a1a3   0x0800a1a3   0x00000008   Data   RO         2188    .rodata.__stdout_name  retarget_io.o
    0x0800a1ab   0x0800a1ab   0x00000010   Data   RO          620    .rodata.cst16       stm32h7xx_hal_fdcan.o
    0x0800a1bb   0x0800a1bb   0x00000010   Data   RO         1990    .rodata.cst8        stm32h7xx_hal_uart_ex.o
    0x0800a1cb   0x0800a1cb   0x00000001   PAD
    0x0800a1cc   0x0800a1cc   0x00000020   Data   RO         2702    Region$$Table       anon$$obj.o


    Execution Region RW_IRAM1 (Exec base: 0x20000000, Load base: 0x0800a1ec, Size: 0x00000000, Max: 0x00020000, ABSOLUTE)

    **** No section assigned to this execution region ****


    Execution Region RW_IRAM2 (Exec base: 0x24000000, Load base: 0x0800a1f0, Size: 0x00000ab8, Max: 0x00080000, ABSOLUTE)

    Exec Addr    Load Addr    Size         Type   Attr      Idx    E Section Name        Object

    0x24000000   0x0800a1f0   0x00000004   Data   RW         2383    .data               c_w.l(stdio_streams.o)
    0x24000004   0x0800a1f4   0x00000004   Data   RW         2384    .data               c_w.l(stdio_streams.o)
    0x24000008   0x0800a1f8   0x00000004   Data   RW         2385    .data               c_w.l(stdio_streams.o)
    0x2400000c   0x0800a1fc   0x00000004   Data   RW         2005    .data.SystemCoreClock  system_stm32h7xx.o
    0x24000010   0x0800a200   0x00000004   Data   RW         2006    .data.SystemD2Clock  system_stm32h7xx.o
    0x24000014   0x0800a204   0x00000001   Data   RW         1229    .data.uwTickFreq    stm32h7xx_hal.o
    0x24000015   0x0800a205   0x00000003   PAD
    0x24000018   0x0800a208   0x00000004   Data   RW         1228    .data.uwTickPrio    stm32h7xx_hal.o
    0x2400001c   0x0800a20c   0x00000004   PAD
    0x24000020        -       0x00000054   Zero   RW         2380    .bss                c_w.l(stdio_streams.o)
    0x24000074        -       0x00000054   Zero   RW         2381    .bss                c_w.l(stdio_streams.o)
    0x240000c8        -       0x00000054   Zero   RW         2382    .bss                c_w.l(stdio_streams.o)
    0x2400011c        -       0x00000060   Zero   RW         2439    .bss                c_w.l(libspace.o)
    0x2400017c        -       0x000000a0   Zero   RW          254    .bss.FDCAN1_Handler  fdcan.o
    0x2400021c        -       0x00000040   Zero   RW          259    .bss.FDCAN1_RxData  fdcan.o
    0x2400025c        -       0x00000028   Zero   RW          258    .bss.FDCAN1_RxHeader  fdcan.o
    0x24000284        -       0x00000040   Zero   RW          256    .bss.FDCAN1_TxData  fdcan.o
    0x240002c4        -       0x00000024   Zero   RW          255    .bss.FDCAN1_TxHeader  fdcan.o
    0x240002e8        -       0x000000a0   Zero   RW          253    .bss.hfdcan1        fdcan.o
    0x24000388        -       0x0000004c   Zero   RW          279    .bss.htim3          tim.o
    0x240003d4        -       0x0000004c   Zero   RW          280    .bss.htim5          tim.o
    0x24000420        -       0x00000094   Zero   RW          295    .bss.huart1         usart.o
    0x240004b4        -       0x00000004   Zero   RW         1230    .bss.uwTick         stm32h7xx_hal.o
    0x240004b8        -       0x00000200   Zero   RW            2    HEAP                startup_stm32h743xx.o
    0x240006b8        -       0x00000400   Zero   RW            1    STACK               startup_stm32h743xx.o


==============================================================================

Image component sizes


      Code (inc. data)   RO Data    RW Data    ZI Data      Debug   Object Name

       528          0          0          0        524      13619   fdcan.o
        68          0          0          0          0       2231   gpio.o
      8810        244        192          0          0      64324   main.o
       220          0          0          0          0      20366   matrix.o
       206         24         23          0          0       3132   retarget_io.o
      2414          8          0          0          0      50226   robotics.o
        72         30        664          0       1536        836   startup_stm32h743xx.o
       276          0          0          5          4      14964   stm32h7xx_hal.o
       412          0          0          0          0      12961   stm32h7xx_hal_cortex.o
      2156          0          0          0          0      17935   stm32h7xx_hal_dma.o
      2722          0         92          0          0      41178   stm32h7xx_hal_fdcan.o
       416          0          0          0          0       6992   stm32h7xx_hal_gpio.o
        32          0          0          0          0       2204   stm32h7xx_hal_msp.o
        72          0          0          0          0      10595   stm32h7xx_hal_pwr_ex.o
      2682         16          0          0          0      11433   stm32h7xx_hal_rcc.o
      3770        122          0          0          0      17634   stm32h7xx_hal_rcc_ex.o
      2834         20          0          0          0      51577   stm32h7xx_hal_tim.o
       204          0          0          0          0      22338   stm32h7xx_hal_tim_ex.o
      3484        382         24          0          0      36121   stm32h7xx_hal_uart.o
       292          0         16          0          0      10458   stm32h7xx_hal_uart_ex.o
        56          0          0          0          0       1774   stm32h7xx_it.o
       264          0         16          8          0       6207   system_stm32h7xx.o
       610          0          0          0        152       7864   tim.o
       284          0          0          0        148      11162   usart.o
       146          0          0          0          0      14345   utils.o

    ----------------------------------------------------------------------
     33848        866       1060         16       2368     452476   Object Totals
         0          0         32          0          0          0   (incl. Generated)
       818         20          1          3          4          0   (incl. Padding)

    ----------------------------------------------------------------------

      Code (inc. data)   RO Data    RW Data    ZI Data      Debug   Library Member Name

       190          0          0          0          0       1836   arm_mat_add_f32.o
         8          0          0          0          0        841   arm_mat_init_f32.o
       304          4          0          0          0       2362   arm_mat_mult_f32.o
       154          0          0          0          0       1726   arm_mat_scale_f32.o
       190          0          0          0          0       1834   arm_mat_sub_f32.o
       180          0          0          0          0       1862   arm_mat_trans_f32.o
         8          0          0          0          0         68   __main.o
       312          4         17          0          0         92   __printf_flags_wp.o
        14          0          0          0          0         68   __printf_wp.o
         0          0          0          0          0          0   __rtentry.o
        12          0          0          0          0          0   __rtentry2.o
         6          0          0          0          0          0   __rtentry4.o
        52          8          0          0          0          0   __scatter.o
        26          0          0          0          0          0   __scatter_copy.o
        28          0          0          0          0          0   __scatter_zi.o
        48          6          0          0          0         96   _printf_char_common.o
        36          4          0          0          0         80   _printf_char_file.o
         6          0          0          0          0          0   _printf_d.o
       120         16          0          0          0         92   _printf_dec.o
        88          4         40          0          0         88   _printf_hex_int.o
       178          0          0          0          0         88   _printf_intcommon.o
        78          0          0          0          0        108   _printf_pad.o
         0          0          0          0          0          0   _printf_percent.o
         4          0          0          0          0          0   _printf_percent_end.o
         6          0          0          0          0          0   _printf_x.o
        22          0          0          0          0        100   _rserrno.o
        10          0          0          0          0         68   defsig_exit.o
        50          0          0          0          0         88   defsig_general.o
        80         58          0          0          0         76   defsig_rtmem_inner.o
        14          0          0          0          0         80   defsig_rtmem_outer.o
        52         38          0          0          0         76   defsig_rtred_inner.o
        14          0          0          0          0         80   defsig_rtred_outer.o
        18          0          0          0          0         80   exit.o
        76          0          0          0          0         88   fclose.o
         8          0          0          0          0         68   ferror.o
       240          6          0          0          0        128   fopen.o
       248          6          0          0          0         84   fseek.o
        66          0          0          0          0         76   ftell.o
        94          0          0          0          0         80   h1_alloc.o
        52          0          0          0          0         68   h1_extend.o
        78          0          0          0          0         80   h1_free.o
        14          0          0          0          0         84   h1_init.o
         6          0          0          0          0        152   heapauxi.o
         4          0          0          0          0        136   hguard.o
       138          0          0          0          0        168   init_alloc.o
       312         46          0          0          0        112   initio.o
         2          0          0          0          0          0   libinit.o
        18          0          0          0          0          0   libinit2.o
         2          0          0          0          0          0   libshutdown.o
         6          0          0          0          0          0   libshutdown2.o
         8          4          0          0         96         68   libspace.o
       240          0          0          0          0        100   lludivv7m.o
         0          0          0          0          0          0   maybetermalloc1.o
        24          4          0          0          0         84   noretval__2printf.o
        44          4          0          0          0         84   puts.o
         8          4          0          0          0         68   rt_errno_addr_intlibspace.o
         8          4          0          0          0         68   rt_heap_descriptor_intlibspace.o
        78          0          0          0          0         80   rt_memclr_w.o
       138          0          0          0          0         68   rt_memcpy_v6.o
       100          0          0          0          0         80   rt_memcpy_w.o
         2          0          0          0          0          0   rtexit.o
        10          0          0          0          0          0   rtexit2.o
        70          0          0          0          0         80   setvbuf.o
       240          6          0          0          0        156   stdio.o
         0          0          0         12        252          0   stdio_streams.o
       124          0          0          0          0         88   strcmpv7m_pel.o
        74          0          0          0          0         80   sys_stackheap_outer.o
         2          0          0          0          0         68   use_no_semi.o
         2          0          0          0          0         68   use_no_semi_2.o
        26          0          0          0          0        116   fpinit.o
         0          0          0          0          0          0   usenofp.o
       280         46          0          0          0        176   acosf.o
       336         56          0          0          0        136   cosf.o
        38          0          0          0          0        116   fpclassifyf.o
        38         12          0          0          0        348   funder.o
       340         24         32          0          0        160   rredf.o
       400         56          0          0          0        212   sinf.o
       120          0          0          0          0        272   sqrtf.o

    ----------------------------------------------------------------------
      6454        424         90         12        348      15989   Library Totals
        32          4          1          0          0          0   (incl. Padding)

    ----------------------------------------------------------------------

      Code (inc. data)   RO Data    RW Data    ZI Data      Debug   Library Name

      1026          4          0          0          0      10461   arm_cortexM7lfdp_math.lib
      3818        222         57         12        348       3992   c_w.l
        26          0          0          0          0        116   fz_wv.l
      1552        194         32          0          0       1420   m_wv.l

    ----------------------------------------------------------------------
      6454        424         90         12        348      15989   Library Totals

    ----------------------------------------------------------------------

==============================================================================


      Code (inc. data)   RO Data    RW Data    ZI Data      Debug   

     40302       1290       1150         28       2716     464841   Grand Totals
     40302       1290       1150         28       2716     464841   ELF Image Totals
     40302       1290       1150         28          0          0   ROM Totals

==============================================================================

    Total RO  Size (Code + RO Data)                41452 (  40.48kB)
    Total RW  Size (RW Data + ZI Data)              2744 (   2.68kB)
    Total ROM Size (Code + RO Data + RW Data)      41480 (  40.51kB)

==============================================================================

